Archive member included to satisfy reference by file (symbol)

d:/rt-threadstudio/repo/extract/toolchain_support_packages/arm/gnu_tools_for_arm_embedded_processors/5.4.1/bin/../lib/gcc/arm-none-eabi/5.4.1/../../../../arm-none-eabi/lib/armv7e-m/fpu\libc.a(lib_a-atoi.o)
                              ./rt-thread/components/drivers/misc/pin.o (atoi)
d:/rt-threadstudio/repo/extract/toolchain_support_packages/arm/gnu_tools_for_arm_embedded_processors/5.4.1/bin/../lib/gcc/arm-none-eabi/5.4.1/../../../../arm-none-eabi/lib/armv7e-m/fpu\libc.a(lib_a-exit.o)
                              d:/rt-threadstudio/repo/extract/toolchain_support_packages/arm/gnu_tools_for_arm_embedded_processors/5.4.1/bin/../lib/gcc/arm-none-eabi/5.4.1/../../../../arm-none-eabi/lib/armv7e-m/fpu/crt0.o (exit)
d:/rt-threadstudio/repo/extract/toolchain_support_packages/arm/gnu_tools_for_arm_embedded_processors/5.4.1/bin/../lib/gcc/arm-none-eabi/5.4.1/../../../../arm-none-eabi/lib/armv7e-m/fpu\libc.a(lib_a-fini.o)
                              ./libs/TARGET_RTT-062S2/COMPONENT_CM4/TOOLCHAIN_GCC_ARM/startup_psoc6_02_cm4.o (__libc_fini_array)
d:/rt-threadstudio/repo/extract/toolchain_support_packages/arm/gnu_tools_for_arm_embedded_processors/5.4.1/bin/../lib/gcc/arm-none-eabi/5.4.1/../../../../arm-none-eabi/lib/armv7e-m/fpu\libc.a(lib_a-impure.o)
                              d:/rt-threadstudio/repo/extract/toolchain_support_packages/arm/gnu_tools_for_arm_embedded_processors/5.4.1/bin/../lib/gcc/arm-none-eabi/5.4.1/../../../../arm-none-eabi/lib/armv7e-m/fpu\libc.a(lib_a-exit.o) (_global_impure_ptr)
d:/rt-threadstudio/repo/extract/toolchain_support_packages/arm/gnu_tools_for_arm_embedded_processors/5.4.1/bin/../lib/gcc/arm-none-eabi/5.4.1/../../../../arm-none-eabi/lib/armv7e-m/fpu\libc.a(lib_a-locale.o)
                              ./rt-thread/components/libc/compilers/common/cstring.o (__locale_ctype_ptr)
d:/rt-threadstudio/repo/extract/toolchain_support_packages/arm/gnu_tools_for_arm_embedded_processors/5.4.1/bin/../lib/gcc/arm-none-eabi/5.4.1/../../../../arm-none-eabi/lib/armv7e-m/fpu\libc.a(lib_a-malloc.o)
                              ./rt-thread/components/libc/compilers/common/cstring.o (malloc)
d:/rt-threadstudio/repo/extract/toolchain_support_packages/arm/gnu_tools_for_arm_embedded_processors/5.4.1/bin/../lib/gcc/arm-none-eabi/5.4.1/../../../../arm-none-eabi/lib/armv7e-m/fpu\libc.a(lib_a-mbtowc_r.o)
                              d:/rt-threadstudio/repo/extract/toolchain_support_packages/arm/gnu_tools_for_arm_embedded_processors/5.4.1/bin/../lib/gcc/arm-none-eabi/5.4.1/../../../../arm-none-eabi/lib/armv7e-m/fpu\libc.a(lib_a-locale.o) (__ascii_mbtowc)
d:/rt-threadstudio/repo/extract/toolchain_support_packages/arm/gnu_tools_for_arm_embedded_processors/5.4.1/bin/../lib/gcc/arm-none-eabi/5.4.1/../../../../arm-none-eabi/lib/armv7e-m/fpu\libc.a(lib_a-memcmp.o)
                              ./rt-thread/components/finsh/shell.o (memcmp)
d:/rt-threadstudio/repo/extract/toolchain_support_packages/arm/gnu_tools_for_arm_embedded_processors/5.4.1/bin/../lib/gcc/arm-none-eabi/5.4.1/../../../../arm-none-eabi/lib/armv7e-m/fpu\libc.a(lib_a-memcpy.o)
                              ./libraries/IFX_PSOC6_HAL/mtb_shared/usbdev/cy_usb_dev_cdc.o (memcpy)
d:/rt-threadstudio/repo/extract/toolchain_support_packages/arm/gnu_tools_for_arm_embedded_processors/5.4.1/bin/../lib/gcc/arm-none-eabi/5.4.1/../../../../arm-none-eabi/lib/armv7e-m/fpu\libc.a(lib_a-memset.o)
                              d:/rt-threadstudio/repo/extract/toolchain_support_packages/arm/gnu_tools_for_arm_embedded_processors/5.4.1/bin/../lib/gcc/arm-none-eabi/5.4.1/../../../../arm-none-eabi/lib/armv7e-m/fpu/crt0.o (memset)
d:/rt-threadstudio/repo/extract/toolchain_support_packages/arm/gnu_tools_for_arm_embedded_processors/5.4.1/bin/../lib/gcc/arm-none-eabi/5.4.1/../../../../arm-none-eabi/lib/armv7e-m/fpu\libc.a(lib_a-strchr.o)
                              ./rt-thread/components/libc/compilers/common/cstring.o (strchr)
d:/rt-threadstudio/repo/extract/toolchain_support_packages/arm/gnu_tools_for_arm_embedded_processors/5.4.1/bin/../lib/gcc/arm-none-eabi/5.4.1/../../../../arm-none-eabi/lib/armv7e-m/fpu\libc.a(lib_a-strcmp.o)
                              ./rt-thread/components/finsh/cmd.o (strcmp)
d:/rt-threadstudio/repo/extract/toolchain_support_packages/arm/gnu_tools_for_arm_embedded_processors/5.4.1/bin/../lib/gcc/arm-none-eabi/5.4.1/../../../../arm-none-eabi/lib/armv7e-m/fpu\libc.a(lib_a-strcpy.o)
                              ./rt-thread/components/libc/compilers/common/cstring.o (strcpy)
d:/rt-threadstudio/repo/extract/toolchain_support_packages/arm/gnu_tools_for_arm_embedded_processors/5.4.1/bin/../lib/gcc/arm-none-eabi/5.4.1/../../../../arm-none-eabi/lib/armv7e-m/fpu\libc.a(lib_a-strlen.o)
                              ./rt-thread/src/kservice.o (strlen)
[...]
Memory Configuration

Name             Origin             Length             Attributes
ram              0x08002000         0x000fd800         xrw
flash            0x10000000         0x00200000         xr
em_eeprom        0x14000000         0x00008000         xr
sflash_user_data 0x16000800         0x00000800         xr
sflash_nar       0x16001a00         0x00000200         xr
sflash_public_key 0x16005a00         0x00000c00         xr
sflash_toc_2     0x16007c00         0x00000200         xr
sflash_rtoc_2    0x16007e00         0x00000200         xr
xip              0x18000000         0x08000000         xr
efuse            0x90700000         0x00100000         r
*default*        0x00000000         0xffffffff

Linker script and memory map

LOAD d:/rt-threadstudio/repo/extract/toolchain_support_packages/arm/gnu_tools_for_arm_embedded_processors/5.4.1/bin/../lib/gcc/arm-none-eabi/5.4.1/armv7e-m/fpu/crti.o
LOAD d:/rt-threadstudio/repo/extract/toolchain_support_packages/arm/gnu_tools_for_arm_embedded_processors/5.4.1/bin/../lib/gcc/arm-none-eabi/5.4.1/armv7e-m/fpu/crtbegin.o
LOAD d:/rt-threadstudio/repo/extract/toolchain_support_packages/arm/gnu_tools_for_arm_embedded_processors/5.4.1/bin/../lib/gcc/arm-none-eabi/5.4.1/../../../../arm-none-eabi/lib/armv7e-m/fpu/crt0.o
LOAD ./rt-thread/src/clock.o
LOAD ./rt-thread/src/components.o
LOAD ./rt-thread/src/device.o
LOAD ./rt-thread/src/idle.o
LOAD ./rt-thread/src/ipc.o
LOAD ./rt-thread/src/irq.o
LOAD ./rt-thread/src/kservice.o
LOAD ./rt-thread/src/mem.o
LOAD ./rt-thread/src/mempool.o
LOAD ./rt-thread/src/object.o
LOAD ./rt-thread/src/scheduler_up.o
LOAD ./rt-thread/src/thread.o
LOAD ./rt-thread/src/timer.o
LOAD ./rt-thread/libcpu/arm/cortex-m4/context_gcc.o
LOAD ./rt-thread/libcpu/arm/cortex-m4/cpuport.o
LOAD ./rt-thread/libcpu/arm/common/atomic_arm.o
LOAD ./rt-thread/libcpu/arm/common/div0.o
LOAD ./rt-thread/libcpu/arm/common/showmem.o
LOAD ./rt-thread/components/libc/compilers/newlib/syscalls.o
LOAD ./rt-thread/components/libc/compilers/common/cctype.o
LOAD ./rt-thread/components/libc/compilers/common/cstdio.o
LOAD ./rt-thread/components/libc/compilers/common/cstdlib.o
LOAD ./rt-thread/components/libc/compilers/common/cstring.o
LOAD ./rt-thread/components/libc/compilers/common/ctime.o
LOAD ./rt-thread/components/libc/compilers/common/cwchar.o
LOAD ./rt-thread/components/finsh/cmd.o
LOAD ./rt-thread/components/finsh/msh.o
LOAD ./rt-thread/components/finsh/msh_parse.o
LOAD ./rt-thread/components/finsh/shell.o
LOAD ./rt-thread/components/drivers/usb/usbdevice/core/usbdevice.o
LOAD ./rt-thread/components/drivers/usb/usbdevice/core/usbdevice_core.o
LOAD ./rt-thread/components/drivers/usb/usbdevice/class/cdc_vcom.o
LOAD ./rt-thread/components/drivers/serial/serial.o
LOAD ./rt-thread/components/drivers/misc/pin.o
LOAD ./rt-thread/components/drivers/ipc/completion.o
LOAD ./rt-thread/components/drivers/ipc/dataqueue.o
LOAD ./rt-thread/components/drivers/ipc/pipe.o
LOAD ./rt-thread/components/drivers/ipc/ringblk_buf.o
LOAD ./rt-thread/components/drivers/ipc/ringbuffer.o
LOAD ./rt-thread/components/drivers/ipc/waitqueue.o
LOAD ./rt-thread/components/drivers/ipc/workqueue.o
LOAD ./libs/TARGET_RTT-062S2/config/GeneratedSource/cycfg.o
LOAD ./libs/TARGET_RTT-062S2/config/GeneratedSource/cycfg_capsense.o
LOAD ./libs/TARGET_RTT-062S2/config/GeneratedSource/cycfg_clocks.o
LOAD ./libs/TARGET_RTT-062S2/config/GeneratedSource/cycfg_clocks1.o
LOAD ./libs/TARGET_RTT-062S2/config/GeneratedSource/cycfg_dmas.o
LOAD ./libs/TARGET_RTT-062S2/config/GeneratedSource/cycfg_peripherals.o
LOAD ./libs/TARGET_RTT-062S2/config/GeneratedSource/cycfg_pins.o
LOAD ./libs/TARGET_RTT-062S2/config/GeneratedSource/cycfg_qspi_memslot.o
LOAD ./libs/TARGET_RTT-062S2/config/GeneratedSource/cycfg_routing.o
LOAD ./libs/TARGET_RTT-062S2/config/GeneratedSource/cycfg_system.o
LOAD ./libs/TARGET_RTT-062S2/config/GeneratedSource/cycfg_usbdev.o
LOAD ./libs/TARGET_RTT-062S2/COMPONENT_CM4/TOOLCHAIN_GCC_ARM/startup_psoc6_02_cm4.o
LOAD ./libs/TARGET_RTT-062S2/COMPONENT_CM4/system_psoc6_cm4.o
LOAD ./libs/TARGET_RTT-062S2/cybsp.o
LOAD ./libraries/IFX_PSOC6_HAL/retarget-io/cy_retarget_io.o
LOAD ./libraries/IFX_PSOC6_HAL/psoc6cm0p/COMPONENT_CM0P_SLEEP/psoc6_01_cm0p_sleep.o
LOAD ./libraries/IFX_PSOC6_HAL/psoc6cm0p/COMPONENT_CM0P_SLEEP/psoc6_02_cm0p_sleep.o
LOAD ./libraries/IFX_PSOC6_HAL/psoc6cm0p/COMPONENT_CM0P_SLEEP/psoc6_03_cm0p_sleep.o
LOAD ./libraries/IFX_PSOC6_HAL/psoc6cm0p/COMPONENT_CM0P_SLEEP/psoc6_04_cm0p_sleep.o
LOAD ./libraries/IFX_PSOC6_HAL/mtb_shared/usbdev/cy_usb_dev.o
LOAD ./libraries/IFX_PSOC6_HAL/mtb_shared/usbdev/cy_usb_dev_audio.o
LOAD ./libraries/IFX_PSOC6_HAL/mtb_shared/usbdev/cy_usb_dev_cdc.o
LOAD ./libraries/IFX_PSOC6_HAL/mtb_shared/usbdev/cy_usb_dev_hid.o
LOAD ./libraries/IFX_PSOC6_HAL/mtb-pdl-cat1/drivers/source/TOOLCHAIN_GCC_ARM/cy_syslib_ext.o
LOAD ./libraries/IFX_PSOC6_HAL/mtb-pdl-cat1/drivers/source/cy_dma.o
LOAD ./libraries/IFX_PSOC6_HAL/mtb-pdl-cat1/drivers/source/cy_gpio.o
LOAD ./libraries/IFX_PSOC6_HAL/mtb-pdl-cat1/drivers/source/cy_ipc_drv.o
LOAD ./libraries/IFX_PSOC6_HAL/mtb-pdl-cat1/drivers/source/cy_ipc_pipe.o
LOAD ./libraries/IFX_PSOC6_HAL/mtb-pdl-cat1/drivers/source/cy_ipc_sema.o
LOAD ./libraries/IFX_PSOC6_HAL/mtb-pdl-cat1/drivers/source/cy_mcwdt.o
LOAD ./libraries/IFX_PSOC6_HAL/mtb-pdl-cat1/drivers/source/cy_prot.o
LOAD ./libraries/IFX_PSOC6_HAL/mtb-pdl-cat1/drivers/source/cy_scb_common.o
LOAD ./libraries/IFX_PSOC6_HAL/mtb-pdl-cat1/drivers/source/cy_scb_i2c.o
LOAD ./libraries/IFX_PSOC6_HAL/mtb-pdl-cat1/drivers/source/cy_scb_uart.o
LOAD ./libraries/IFX_PSOC6_HAL/mtb-pdl-cat1/drivers/source/cy_sysclk.o
LOAD ./libraries/IFX_PSOC6_HAL/mtb-pdl-cat1/drivers/source/cy_sysint.o
LOAD ./libraries/IFX_PSOC6_HAL/mtb-pdl-cat1/drivers/source/cy_syslib.o
LOAD ./libraries/IFX_PSOC6_HAL/mtb-pdl-cat1/drivers/source/cy_syspm.o
LOAD ./libraries/IFX_PSOC6_HAL/mtb-pdl-cat1/drivers/source/cy_systick.o
LOAD ./libraries/IFX_PSOC6_HAL/mtb-pdl-cat1/drivers/source/cy_trigmux.o
LOAD ./libraries/IFX_PSOC6_HAL/mtb-pdl-cat1/drivers/source/cy_usbfs_dev_drv.o
LOAD ./libraries/IFX_PSOC6_HAL/mtb-pdl-cat1/drivers/source/cy_usbfs_dev_drv_io.o
LOAD ./libraries/IFX_PSOC6_HAL/mtb-pdl-cat1/drivers/source/cy_usbfs_dev_drv_io_dma.o
LOAD ./libraries/IFX_PSOC6_HAL/mtb-pdl-cat1/devices/COMPONENT_CAT1A/source/cy_device.o
LOAD ./libraries/IFX_PSOC6_HAL/mtb-hal-cat1/source/cyhal_clock.o
LOAD ./libraries/IFX_PSOC6_HAL/mtb-hal-cat1/source/cyhal_gpio.o
LOAD ./libraries/IFX_PSOC6_HAL/mtb-hal-cat1/source/cyhal_hwmgr.o
LOAD ./libraries/IFX_PSOC6_HAL/mtb-hal-cat1/source/cyhal_interconnect.o
LOAD ./libraries/IFX_PSOC6_HAL/mtb-hal-cat1/source/cyhal_irq_impl.o
LOAD ./libraries/IFX_PSOC6_HAL/mtb-hal-cat1/source/cyhal_lptimer.o
LOAD ./libraries/IFX_PSOC6_HAL/mtb-hal-cat1/source/cyhal_scb_common.o
LOAD ./libraries/IFX_PSOC6_HAL/mtb-hal-cat1/source/cyhal_syspm.o
LOAD ./libraries/IFX_PSOC6_HAL/mtb-hal-cat1/source/cyhal_system.o
LOAD ./libraries/IFX_PSOC6_HAL/mtb-hal-cat1/source/cyhal_uart.o
LOAD ./libraries/IFX_PSOC6_HAL/mtb-hal-cat1/source/cyhal_utils.o
LOAD ./libraries/IFX_PSOC6_HAL/mtb-hal-cat1/source/cyhal_utils_impl.o
LOAD ./libraries/IFX_PSOC6_HAL/mtb-hal-cat1/COMPONENT_CAT1A/source/triggers/cyhal_triggers_psoc6_02.o
LOAD ./libraries/IFX_PSOC6_HAL/mtb-hal-cat1/COMPONENT_CAT1A/source/pin_packages/cyhal_psoc6_02_68_qfn.o
LOAD ./libraries/HAL_Drivers/drv_common.o
LOAD ./libraries/HAL_Drivers/drv_gpio.o
LOAD ./libraries/HAL_Drivers/drv_uart.o
LOAD ./libraries/HAL_Drivers/drv_usbd.o
LOAD ./board/board.o
LOAD ./applications/main.o
LOAD D:\RT-ThreadStudio\workspace\Test_usb\libraries\IFX_PSOC6_HAL\lib\libcy_capsense.a
LOAD d:/rt-threadstudio/repo/extract/toolchain_support_packages/arm/gnu_tools_for_arm_embedded_processors/5.4.1/bin/../lib/gcc/arm-none-eabi/5.4.1/../../../../arm-none-eabi/lib/armv7e-m/fpu\libc.a
LOAD d:/rt-threadstudio/repo/extract/toolchain_support_packages/arm/gnu_tools_for_arm_embedded_processors/5.4.1/bin/../lib/gcc/arm-none-eabi/5.4.1/../../../../arm-none-eabi/lib/armv7e-m/fpu\libm.a
START GROUP
LOAD d:/rt-threadstudio/repo/extract/toolchain_support_packages/arm/gnu_tools_for_arm_embedded_processors/5.4.1/bin/../lib/gcc/arm-none-eabi/5.4.1/armv7e-m/fpu\libgcc.a
LOAD d:/rt-threadstudio/repo/extract/toolchain_support_packages/arm/gnu_tools_for_arm_embedded_processors/5.4.1/bin/../lib/gcc/arm-none-eabi/5.4.1/../../../../arm-none-eabi/lib/armv7e-m/fpu\libc.a
END GROUP
LOAD d:/rt-threadstudio/repo/extract/toolchain_support_packages/arm/gnu_tools_for_arm_embedded_processors/5.4.1/bin/../lib/gcc/arm-none-eabi/5.4.1/armv7e-m/fpu/crtend.o
LOAD d:/rt-threadstudio/repo/extract/toolchain_support_packages/arm/gnu_tools_for_arm_embedded_processors/5.4.1/bin/../lib/gcc/arm-none-eabi/5.4.1/armv7e-m/fpu/crtn.o
START GROUP
LOAD d:/rt-threadstudio/repo/extract/toolchain_support_packages/arm/gnu_tools_for_arm_embedded_processors/5.4.1/bin/../lib/gcc/arm-none-eabi/5.4.1/armv7e-m/fpu\libgcc.a
LOAD d:/rt-threadstudio/repo/extract/toolchain_support_packages/arm/gnu_tools_for_arm_embedded_processors/5.4.1/bin/../lib/gcc/arm-none-eabi/5.4.1/../../../../arm-none-eabi/lib/armv7e-m/fpu\libc.a
LOAD d:/rt-threadstudio/repo/extract/toolchain_support_packages/arm/gnu_tools_for_arm_embedded_processors/5.4.1/bin/../lib/gcc/arm-none-eabi/5.4.1/../../../../arm-none-eabi/lib/armv7e-m/fpu\libnosys.a
END GROUP
                0x00001000                STACK_SIZE = 0x1000
                0x00002000                FLASH_CM0P_SIZE = 0x2000
START GROUP
LOAD d:/rt-threadstudio/repo/extract/toolchain_support_packages/arm/gnu_tools_for_arm_embedded_processors/5.4.1/bin/../lib/gcc/arm-none-eabi/5.4.1/armv7e-m/fpu\libgcc.a
LOAD d:/rt-threadstudio/repo/extract/toolchain_support_packages/arm/gnu_tools_for_arm_embedded_processors/5.4.1/bin/../lib/gcc/arm-none-eabi/5.4.1/../../../../arm-none-eabi/lib/armv7e-m/fpu\libc.a
LOAD d:/rt-threadstudio/repo/extract/toolchain_support_packages/arm/gnu_tools_for_arm_embedded_processors/5.4.1/bin/../lib/gcc/arm-none-eabi/5.4.1/../../../../arm-none-eabi/lib/armv7e-m/fpu\libm.a
LOAD d:/rt-threadstudio/repo/extract/toolchain_support_packages/arm/gnu_tools_for_arm_embedded_processors/5.4.1/bin/../lib/gcc/arm-none-eabi/5.4.1/../../../../arm-none-eabi/lib/armv7e-m/fpu\libnosys.a
END GROUP

.cy_m0p_image   0x10000000     0x1848
                0x10000000                . = ALIGN (0x4)
                0x10000000                __cy_m0p_code_start = .
 *(.cy_m0p_image)
 .cy_m0p_image  0x10000000     0x1848 ./libraries/IFX_PSOC6_HAL/psoc6cm0p/COMPONENT_CM0P_SLEEP/psoc6_02_cm0p_sleep.o
                0x10000000                cy_m0p_image
                0x10001848                __cy_m0p_code_end = .
                0x00000001                ASSERT ((__cy_m0p_code_end <= (ORIGIN (flash) + FLASH_CM0P_SIZE)), CM0+ flash image overflows with CM4, increase FLASH_CM0P_SIZE)

.text           0x10002000    0x22088
                0x10002000                . = ALIGN (0x4)
                0x10002000                __Vectors = .
 *(.vectors)
 .vectors       0x10002000      0x2e0 ./libs/TARGET_RTT-062S2/COMPONENT_CM4/TOOLCHAIN_GCC_ARM/startup_psoc6_02_cm4.o
                0x100022e0                . = ALIGN (0x4)
                0x100022e0                __Vectors_End = .
                0x000002e0                __Vectors_Size = (__Vectors_End - __Vectors)
                0x100022e0                __end__ = .
                0x100022e0                . = ALIGN (0x4)
 *(.text*)
 .text          0x100022e0       0x5c d:/rt-threadstudio/repo/extract/toolchain_support_packages/arm/gnu_tools_for_arm_embedded_processors/5.4.1/bin/../lib/gcc/arm-none-eabi/5.4.1/armv7e-m/fpu/crtbegin.o
 .text.rt_tick_get
                0x1000233c       0x18 ./rt-thread/src/clock.o
                0x1000233c                rt_tick_get
 .text.rt_tick_increase
                0x10002354       0x7c ./rt-thread/src/clock.o
                0x10002354                rt_tick_increase
 .text.rti_start
                0x100023d0       0x10 ./rt-thread/src/components.o
 .text.rti_board_start
                0x100023e0       0x10 ./rt-thread/src/components.o
 .text.rti_board_end
                0x100023f0       0x10 ./rt-thread/src/components.o
 .text.rti_end  0x10002400       0x10 ./rt-thread/src/components.o
 .text.rt_components_board_init
                0x10002410       0x30 ./rt-thread/src/components.o
                0x10002410                rt_components_board_init
 .text.rt_components_init
                0x10002440       0x30 ./rt-thread/src/components.o
                0x10002440                rt_components_init
 .text.entry    0x10002470       0x10 ./rt-thread/src/components.o
                0x10002470                entry
 .text.main_thread_entry
                0x10002480       0x18 ./rt-thread/src/components.o
                0x10002480                main_thread_entry
 .text.rt_application_init
                0x10002498       0x4c ./rt-thread/src/components.o
                0x10002498                rt_application_init
 .text.rtthread_startup
                0x100024e4       0x30 ./rt-thread/src/components.o
                0x100024e4                rtthread_startup
 .text.rt_device_register
                0x10002514       0x54 ./rt-thread/src/device.o
                0x10002514                rt_device_register
 .text.rt_device_find
                0x10002568       0x1c ./rt-thread/src/device.o
                0x10002568                rt_device_find
 .text.rt_device_init
                0x10002584       0x74 ./rt-thread/src/device.o
                0x10002584                rt_device_init
 .text.rt_device_open
                0x100025f8      0x13c ./rt-thread/src/device.o
                0x100025f8                rt_device_open
 .text.rt_device_close
                0x10002734       0x9c ./rt-thread/src/device.o
                0x10002734                rt_device_close
 .text.rt_device_read
                0x100027d0       0x88 ./rt-thread/src/device.o
                0x100027d0                rt_device_read
 .text.rt_device_write
                0x10002858       0x88 ./rt-thread/src/device.o
                0x10002858                rt_device_write
 .text.rt_device_set_rx_indicate
                0x100028e0       0x54 ./rt-thread/src/device.o
                0x100028e0                rt_device_set_rx_indicate
 .text.rt_list_insert_after
                0x10002934       0x34 ./rt-thread/src/idle.o
 .text.rt_list_remove
                0x10002968       0x38 ./rt-thread/src/idle.o
 .text.rt_thread_defunct_enqueue
                0x100029a0       0x20 ./rt-thread/src/idle.o
                0x100029a0                rt_thread_defunct_enqueue
 .text.rt_thread_defunct_dequeue
                0x100029c0       0x44 ./rt-thread/src/idle.o
                0x100029c0                rt_thread_defunct_dequeue
 .text.rt_defunct_execute
                0x10002a04       0x5c ./rt-thread/src/idle.o
 .text.idle_thread_entry
                0x10002a60       0x38 ./rt-thread/src/idle.o
 .text.rt_thread_idle_init
                0x10002a98       0x7c ./rt-thread/src/idle.o
                0x10002a98                rt_thread_idle_init
 .text.rt_list_init
                0x10002b14       0x24 ./rt-thread/src/ipc.o
 .text.rt_list_insert_after
                0x10002b38       0x34 ./rt-thread/src/ipc.o
 .text.rt_list_insert_before
                0x10002b6c       0x34 ./rt-thread/src/ipc.o
 .text.rt_list_remove
                0x10002ba0       0x38 ./rt-thread/src/ipc.o
 .text.rt_list_isempty
                0x10002bd8       0x24 ./rt-thread/src/ipc.o
 .text._ipc_object_init
                0x10002bfc       0x1c ./rt-thread/src/ipc.o
 .text._ipc_list_suspend
                0x10002c18       0xc4 ./rt-thread/src/ipc.o
 .text._ipc_list_resume
                0x10002cdc       0x28 ./rt-thread/src/ipc.o
 .text.rt_sem_init
                0x10002d04       0x88 ./rt-thread/src/ipc.o
                0x10002d04                rt_sem_init
 .text._rt_sem_take
                0x10002d8c      0x1d8 ./rt-thread/src/ipc.o
 .text.rt_sem_take
                0x10002f64       0x20 ./rt-thread/src/ipc.o
                0x10002f64                rt_sem_take
 .text.rt_sem_release
                0x10002f84       0xc0 ./rt-thread/src/ipc.o
                0x10002f84                rt_sem_release
 .text._mutex_update_priority
                0x10003044       0x40 ./rt-thread/src/ipc.o
 .text._thread_get_mutex_priority
                0x10003084       0x68 ./rt-thread/src/ipc.o
 .text._thread_update_priority
                0x100030ec       0xa4 ./rt-thread/src/ipc.o
 .text.rt_mutex_init
                0x10003190       0x70 ./rt-thread/src/ipc.o
                0x10003190                rt_mutex_init
 .text.rt_mutex_drop_thread
                0x10003200       0x90 ./rt-thread/src/ipc.o
                0x10003200                rt_mutex_drop_thread
 .text._rt_mutex_take
                0x10003290      0x2f8 ./rt-thread/src/ipc.o
 .text.rt_mutex_take
                0x10003588       0x20 ./rt-thread/src/ipc.o
                0x10003588                rt_mutex_take
 .text.rt_mutex_release
                0x100035a8      0x1dc ./rt-thread/src/ipc.o
                0x100035a8                rt_mutex_release
 .text.rt_event_init
                0x10003784       0x70 ./rt-thread/src/ipc.o
                0x10003784                rt_event_init
 .text.rt_event_send
                0x100037f4      0x160 ./rt-thread/src/ipc.o
                0x100037f4                rt_event_send
 .text._rt_event_recv
                0x10003954      0x288 ./rt-thread/src/ipc.o
 .text.rt_event_recv
                0x10003bdc       0x30 ./rt-thread/src/ipc.o
                0x10003bdc                rt_event_recv
 .text.rt_mq_init
                0x10003c0c       0xfc ./rt-thread/src/ipc.o
                0x10003c0c                rt_mq_init
 .text._rt_mq_recv
                0x10003d08      0x2ec ./rt-thread/src/ipc.o
 .text.rt_mq_recv
                0x10003ff4       0x28 ./rt-thread/src/ipc.o
                0x10003ff4                rt_mq_recv
 .text.rt_interrupt_enter
                0x1000401c       0x40 ./rt-thread/src/irq.o
                0x1000401c                rt_interrupt_enter
 .text.rt_interrupt_leave
                0x1000405c       0x40 ./rt-thread/src/irq.o
                0x1000405c                rt_interrupt_leave
 .text.rt_interrupt_get_nest
                0x1000409c       0x28 ./rt-thread/src/irq.o
                0x1000409c                rt_interrupt_get_nest
 .text.rt_hw_interrupt_is_disabled
                0x100040c4       0x10 ./rt-thread/src/irq.o
                0x100040c4                rt_hw_interrupt_is_disabled
 .text.rt_strerror
                0x100040d4       0x38 ./rt-thread/src/kservice.o
                0x100040d4                rt_strerror
 .text.rt_set_errno
                0x1000410c       0x44 ./rt-thread/src/kservice.o
                0x1000410c                rt_set_errno
 .text.rt_memset
                0x10004150       0xc8 ./rt-thread/src/kservice.o
                0x10004150                rt_memset
 .text.rt_memcpy
                0x10004218       0xdc ./rt-thread/src/kservice.o
                0x10004218                rt_memcpy
 .text.rt_memmove
                0x100042f4       0x84 ./rt-thread/src/kservice.o
                0x100042f4                rt_memmove
 .text.rt_show_version
                0x10004378       0x4c ./rt-thread/src/kservice.o
                0x10004378                rt_show_version
 .text.divide   0x100043c4       0x38 ./rt-thread/src/kservice.o
 .text.skip_atoi
                0x100043fc       0x48 ./rt-thread/src/kservice.o
 .text.print_number
                0x10004444      0x334 ./rt-thread/src/kservice.o
 .text.rt_vsnprintf
                0x10004778      0x59c ./rt-thread/src/kservice.o
                0x10004778                rt_vsnprintf
 .text.rt_snprintf
                0x10004d14       0x34 ./rt-thread/src/kservice.o
                0x10004d14                rt_snprintf
 .text.rt_console_get_device
                0x10004d48       0x18 ./rt-thread/src/kservice.o
                0x10004d48                rt_console_get_device
 .text.rt_console_set_device
                0x10004d60       0x58 ./rt-thread/src/kservice.o
                0x10004d60                rt_console_set_device
 .text.rt_hw_console_output
                0x10004db8       0x14 ./rt-thread/src/kservice.o
                0x10004db8                rt_hw_console_output
 .text.rt_kprintf
                0x10004dcc       0x64 ./rt-thread/src/kservice.o
                0x10004dcc                rt_kprintf
 .text._heap_lock_init
                0x10004e30       0x1c ./rt-thread/src/kservice.o
 .text._heap_lock
                0x10004e4c       0x28 ./rt-thread/src/kservice.o
 .text._heap_unlock
                0x10004e74       0x40 ./rt-thread/src/kservice.o
 .text._smem_info
                0x10004eb4       0x4c ./rt-thread/src/kservice.o
 .text.rt_system_heap_init
                0x10004f00       0x64 ./rt-thread/src/kservice.o
                0x10004f00                rt_system_heap_init
 .text.rt_malloc
                0x10004f64       0x48 ./rt-thread/src/kservice.o
                0x10004f64                rt_malloc
 .text.rt_calloc
                0x10004fac       0x3c ./rt-thread/src/kservice.o
                0x10004fac                rt_calloc
 .text.rt_free  0x10004fe8       0x40 ./rt-thread/src/kservice.o
                0x10004fe8                rt_free
 .text.rt_memory_info
                0x10005028       0x2c ./rt-thread/src/kservice.o
                0x10005028                rt_memory_info
 .text.rt_assert_handler
                0x10005054       0x4c ./rt-thread/src/kservice.o
                0x10005054                rt_assert_handler
 .text.plug_holes
                0x100050a0       0xf4 ./rt-thread/src/mem.o
 .text.rt_smem_init
                0x10005194      0x104 ./rt-thread/src/mem.o
                0x10005194                rt_smem_init
 .text.rt_smem_alloc
                0x10005298      0x26c ./rt-thread/src/mem.o
                0x10005298                rt_smem_alloc
 .text.rt_smem_free
                0x10005504      0x140 ./rt-thread/src/mem.o
                0x10005504                rt_smem_free
 .text.rt_list_insert_after
                0x10005644       0x34 ./rt-thread/src/object.o
 .text.rt_list_remove
                0x10005678       0x38 ./rt-thread/src/object.o
 .text.rt_object_get_information
                0x100056b0       0x48 ./rt-thread/src/object.o
                0x100056b0                rt_object_get_information
 .text.rt_object_init
                0x100056f8       0xc4 ./rt-thread/src/object.o
                0x100056f8                rt_object_init
 .text.rt_object_detach
                0x100057bc       0x5c ./rt-thread/src/object.o
                0x100057bc                rt_object_detach
 .text.rt_object_allocate
                0x10005818       0xd8 ./rt-thread/src/object.o
                0x10005818                rt_object_allocate
 .text.rt_object_delete
                0x100058f0       0x7c ./rt-thread/src/object.o
                0x100058f0                rt_object_delete
 .text.rt_object_is_systemobject
                0x1000596c       0x3c ./rt-thread/src/object.o
                0x1000596c                rt_object_is_systemobject
 .text.rt_object_get_type
                0x100059a8       0x34 ./rt-thread/src/object.o
                0x100059a8                rt_object_get_type
 .text.rt_object_find
                0x100059dc       0xb4 ./rt-thread/src/object.o
                0x100059dc                rt_object_find
 .text.rt_list_init
                0x10005a90       0x24 ./rt-thread/src/scheduler_up.o
 .text.rt_list_insert_after
                0x10005ab4       0x34 ./rt-thread/src/scheduler_up.o
 .text.rt_list_insert_before
                0x10005ae8       0x34 ./rt-thread/src/scheduler_up.o
 .text.rt_list_remove
                0x10005b1c       0x38 ./rt-thread/src/scheduler_up.o
 .text.rt_list_isempty
                0x10005b54       0x24 ./rt-thread/src/scheduler_up.o
 .text._scheduler_stack_check
                0x10005b78       0x94 ./rt-thread/src/scheduler_up.o
 .text._scheduler_get_highest_priority_thread
                0x10005c0c       0x3c ./rt-thread/src/scheduler_up.o
 .text.rt_system_scheduler_init
                0x10005c48       0x48 ./rt-thread/src/scheduler_up.o
                0x10005c48                rt_system_scheduler_init
 .text.rt_system_scheduler_start
                0x10005c90       0x3c ./rt-thread/src/scheduler_up.o
                0x10005c90                rt_system_scheduler_start
 .text.rt_schedule
                0x10005ccc      0x1a0 ./rt-thread/src/scheduler_up.o
                0x10005ccc                rt_schedule
 .text.rt_schedule_insert_thread
                0x10005e6c       0xd4 ./rt-thread/src/scheduler_up.o
                0x10005e6c                rt_schedule_insert_thread
 .text.rt_schedule_remove_thread
                0x10005f40       0x70 ./rt-thread/src/scheduler_up.o
                0x10005f40                rt_schedule_remove_thread
 .text.rt_enter_critical
                0x10005fb0       0x30 ./rt-thread/src/scheduler_up.o
                0x10005fb0                rt_enter_critical
 .text.rt_exit_critical
                0x10005fe0       0x58 ./rt-thread/src/scheduler_up.o
                0x10005fe0                rt_exit_critical
 .text.rt_critical_level
                0x10006038       0x1c ./rt-thread/src/scheduler_up.o
                0x10006038                rt_critical_level
 .text.rt_list_init
                0x10006054       0x24 ./rt-thread/src/thread.o
 .text.rt_list_remove
                0x10006078       0x38 ./rt-thread/src/thread.o
 .text._thread_exit
                0x100060b0       0x44 ./rt-thread/src/thread.o
 .text._thread_timeout
                0x100060f4       0x8c ./rt-thread/src/thread.o
 .text._thread_init
                0x10006180      0x11c ./rt-thread/src/thread.o
 .text.rt_thread_init
                0x1000629c       0x70 ./rt-thread/src/thread.o
                0x1000629c                rt_thread_init
 .text.rt_thread_self
                0x1000630c       0x18 ./rt-thread/src/thread.o
                0x1000630c                rt_thread_self
 .text.rt_thread_startup
                0x10006324       0x94 ./rt-thread/src/thread.o
                0x10006324                rt_thread_startup
 .text.rt_thread_detach
                0x100063b8       0xdc ./rt-thread/src/thread.o
                0x100063b8                rt_thread_detach
 .text.rt_thread_create
                0x10006494       0x64 ./rt-thread/src/thread.o
                0x10006494                rt_thread_create
 .text.rt_thread_delete
                0x100064f8       0xdc ./rt-thread/src/thread.o
                0x100064f8                rt_thread_delete
 .text.rt_thread_sleep
                0x100065d4      0x16c ./rt-thread/src/thread.o
                0x100065d4                rt_thread_sleep
 .text.rt_thread_delay
                0x10006740       0x18 ./rt-thread/src/thread.o
                0x10006740                rt_thread_delay
 .text.rt_thread_control
                0x10006758       0xf4 ./rt-thread/src/thread.o
                0x10006758                rt_thread_control
 .text.rt_thread_set_suspend_state
                0x1000684c       0x80 ./rt-thread/src/thread.o
 .text.rt_thread_suspend_with_flag
                0x100068cc       0xdc ./rt-thread/src/thread.o
                0x100068cc                rt_thread_suspend_with_flag
 .text.rt_thread_resume
                0x100069a8       0x98 ./rt-thread/src/thread.o
                0x100069a8                rt_thread_resume
 .text.rt_list_init
                0x10006a40       0x24 ./rt-thread/src/timer.o
 .text.rt_list_insert_after
                0x10006a64       0x34 ./rt-thread/src/timer.o
 .text.rt_list_remove
                0x10006a98       0x38 ./rt-thread/src/timer.o
 .text.rt_list_isempty
                0x10006ad0       0x24 ./rt-thread/src/timer.o
 .text._timer_init
                0x10006af4       0x68 ./rt-thread/src/timer.o
 .text._timer_list_next_timeout
                0x10006b5c       0x48 ./rt-thread/src/timer.o
 .text._timer_remove
                0x10006ba4       0x34 ./rt-thread/src/timer.o
 .text.rt_timer_init
                0x10006bd8       0x80 ./rt-thread/src/timer.o
                0x10006bd8                rt_timer_init
 .text.rt_timer_detach
                0x10006c58       0x90 ./rt-thread/src/timer.o
                0x10006c58                rt_timer_detach
 .text.rt_timer_start
                0x10006ce8      0x230 ./rt-thread/src/timer.o
                0x10006ce8                rt_timer_start
 .text.rt_timer_stop
                0x10006f18       0x98 ./rt-thread/src/timer.o
                0x10006f18                rt_timer_stop
 .text.rt_timer_control
                0x10006fb0      0x130 ./rt-thread/src/timer.o
                0x10006fb0                rt_timer_control
 .text.rt_timer_check
                0x100070e0      0x108 ./rt-thread/src/timer.o
                0x100070e0                rt_timer_check
 .text.rt_soft_timer_check
                0x100071e8      0x120 ./rt-thread/src/timer.o
                0x100071e8                rt_soft_timer_check
 .text._timer_thread_entry
                0x10007308       0x60 ./rt-thread/src/timer.o
 .text.rt_system_timer_init
                0x10007368       0x34 ./rt-thread/src/timer.o
                0x10007368                rt_system_timer_init
 .text.rt_system_timer_thread_init
                0x1000739c       0x68 ./rt-thread/src/timer.o
                0x1000739c                rt_system_timer_thread_init
 .text          0x10007404      0x144 ./rt-thread/libcpu/arm/cortex-m4/context_gcc.o
                0x10007404                rt_hw_interrupt_disable
                0x1000740c                rt_hw_interrupt_enable
                0x10007412                rt_hw_context_switch_interrupt
                0x10007412                rt_hw_context_switch
                0x10007432                PendSV_Handler
                0x1000749e                rt_hw_context_switch_to
                0x100074ec                rt_hw_interrupt_thread_switch
                0x100074f0                HardFault_Handler
 .text.rt_hw_stack_init
                0x10007548       0x90 ./rt-thread/libcpu/arm/cortex-m4/cpuport.o
                0x10007548                rt_hw_stack_init
 .text.usage_fault_track
                0x100075d8       0xc4 ./rt-thread/libcpu/arm/cortex-m4/cpuport.o
 .text.bus_fault_track
                0x1000769c       0xcc ./rt-thread/libcpu/arm/cortex-m4/cpuport.o
 .text.mem_manage_fault_track
                0x10007768       0xb4 ./rt-thread/libcpu/arm/cortex-m4/cpuport.o
 .text.hard_fault_track
                0x1000781c       0x78 ./rt-thread/libcpu/arm/cortex-m4/cpuport.o
 .text.rt_hw_hard_fault_exception
                0x10007894      0x184 ./rt-thread/libcpu/arm/cortex-m4/cpuport.o
                0x10007894                rt_hw_hard_fault_exception
 .text.rt_hw_cpu_reset
                0x10007a18       0x1c ./rt-thread/libcpu/arm/cortex-m4/cpuport.o
                0x10007a18                rt_hw_cpu_reset
 .text.__rt_ffs
                0x10007a34       0x2c ./rt-thread/libcpu/arm/cortex-m4/cpuport.o
                0x10007a34                __rt_ffs
 .text._malloc_r
                0x10007a60       0x28 ./rt-thread/components/libc/compilers/newlib/syscalls.o
                0x10007a60                _malloc_r
 .text.__libc_init_array
                0x10007a88       0x10 ./rt-thread/components/libc/compilers/newlib/syscalls.o
                0x10007a88                __libc_init_array
 .text.rt_list_isempty
                0x10007a98       0x24 ./rt-thread/components/finsh/cmd.o
 .text.rt_list_len
                0x10007abc       0x38 ./rt-thread/components/finsh/cmd.o
 .text.clear    0x10007af4       0x14 ./rt-thread/components/finsh/cmd.o
 .text.version  0x10007b08       0x10 ./rt-thread/components/finsh/cmd.o
                0x10007b08                version
 .text.object_split
                0x10007b18       0x28 ./rt-thread/components/finsh/cmd.o
 .text.list_find_init
                0x10007b40       0x48 ./rt-thread/components/finsh/cmd.o
 .text.list_get_next
                0x10007b88       0xc0 ./rt-thread/components/finsh/cmd.o
 .text.list_thread
                0x10007c48      0x218 ./rt-thread/components/finsh/cmd.o
                0x10007c48                list_thread
 .text.show_wait_queue
                0x10007e60       0x50 ./rt-thread/components/finsh/cmd.o
 .text.list_sem
                0x10007eb0      0x128 ./rt-thread/components/finsh/cmd.o
                0x10007eb0                list_sem
 .text.list_event
                0x10007fd8      0x114 ./rt-thread/components/finsh/cmd.o
                0x10007fd8                list_event
 .text.list_mutex
                0x100080ec      0x154 ./rt-thread/components/finsh/cmd.o
                0x100080ec                list_mutex
 .text.list_mailbox
                0x10008240      0x138 ./rt-thread/components/finsh/cmd.o
                0x10008240                list_mailbox
 .text.list_msgqueue
                0x10008378      0x128 ./rt-thread/components/finsh/cmd.o
                0x10008378                list_msgqueue
 .text.list_mempool
                0x100084a0      0x140 ./rt-thread/components/finsh/cmd.o
                0x100084a0                list_mempool
 .text.list_timer
                0x100085e0      0x124 ./rt-thread/components/finsh/cmd.o
                0x100085e0                list_timer
 .text.list_device
                0x10008704      0x100 ./rt-thread/components/finsh/cmd.o
                0x10008704                list_device
 .text.cmd_list
                0x10008804      0x1ac ./rt-thread/components/finsh/cmd.o
                0x10008804                cmd_list
 .text.msh_help
                0x100089b0       0x5c ./rt-thread/components/finsh/msh.o
                0x100089b0                msh_help
 .text.cmd_ps   0x10008a0c       0x18 ./rt-thread/components/finsh/msh.o
                0x10008a0c                cmd_ps
 .text.cmd_free
                0x10008a24       0x70 ./rt-thread/components/finsh/msh.o
                0x10008a24                cmd_free
 .text.msh_split
                0x10008a94      0x170 ./rt-thread/components/finsh/msh.o
 .text.msh_get_cmd
                0x10008c04       0x64 ./rt-thread/components/finsh/msh.o
 .text._msh_exec_cmd
                0x10008c68       0xd4 ./rt-thread/components/finsh/msh.o
 .text.msh_exec
                0x10008d3c       0x8c ./rt-thread/components/finsh/msh.o
                0x10008d3c                msh_exec
 .text.str_common
                0x10008dc8       0x4c ./rt-thread/components/finsh/msh.o
 .text.msh_auto_complete
                0x10008e14       0xb4 ./rt-thread/components/finsh/msh.o
                0x10008e14                msh_auto_complete
 .text.msh_isint
                0x10008ec8       0x68 ./rt-thread/components/finsh/msh_parse.o
                0x10008ec8                msh_isint
 .text.finsh_get_prompt
                0x10008f30       0x78 ./rt-thread/components/finsh/shell.o
                0x10008f30                finsh_get_prompt
 .text.finsh_set_prompt_mode
                0x10008fa8       0x48 ./rt-thread/components/finsh/shell.o
                0x10008fa8                finsh_set_prompt_mode
 .text.finsh_getchar
                0x10008ff0       0x90 ./rt-thread/components/finsh/shell.o
                0x10008ff0                finsh_getchar
 .text.finsh_rx_ind
                0x10009080       0x3c ./rt-thread/components/finsh/shell.o
 .text.finsh_set_device
                0x100090bc       0xd8 ./rt-thread/components/finsh/shell.o
                0x100090bc                finsh_set_device
 .text.shell_auto_complete
                0x10009194       0x34 ./rt-thread/components/finsh/shell.o
 .text.shell_handle_history
                0x100091c8       0x34 ./rt-thread/components/finsh/shell.o
 .text.shell_push_history
                0x100091fc      0x160 ./rt-thread/components/finsh/shell.o
 .text.finsh_thread_entry
                0x1000935c      0x5d0 ./rt-thread/components/finsh/shell.o
                0x1000935c                finsh_thread_entry
 .text.finsh_system_function_init
                0x1000992c       0x2c ./rt-thread/components/finsh/shell.o
                0x1000992c                finsh_system_function_init
 .text.finsh_system_init
                0x10009958       0x9c ./rt-thread/components/finsh/shell.o
                0x10009958                finsh_system_init
 .text.rt_list_init
                0x100099f4       0x24 ./rt-thread/components/drivers/usb/usbdevice/core/usbdevice.o
 .text.rt_list_insert_before
                0x10009a18       0x34 ./rt-thread/components/drivers/usb/usbdevice/core/usbdevice.o
 .text.rt_list_isempty
                0x10009a4c       0x24 ./rt-thread/components/drivers/usb/usbdevice/core/usbdevice.o
 .text.rt_usbd_class_list_init
                0x10009a70       0x14 ./rt-thread/components/drivers/usb/usbdevice/core/usbdevice.o
                0x10009a70                rt_usbd_class_list_init
 .text.rt_usbd_class_register
                0x10009a84       0x3c ./rt-thread/components/drivers/usb/usbdevice/core/usbdevice.o
                0x10009a84                rt_usbd_class_register
 .text.rt_usb_device_init
                0x10009ac0       0xc8 ./rt-thread/components/drivers/usb/usbdevice/core/usbdevice.o
                0x10009ac0                rt_usb_device_init
 .text.rt_list_init
                0x10009b88       0x24 ./rt-thread/components/drivers/usb/usbdevice/core/usbdevice_core.o
 .text.rt_list_insert_before
                0x10009bac       0x34 ./rt-thread/components/drivers/usb/usbdevice/core/usbdevice_core.o
 .text.rt_list_len
                0x10009be0       0x38 ./rt-thread/components/drivers/usb/usbdevice/core/usbdevice_core.o
 .text.dcd_set_address
                0x10009c18       0x70 ./rt-thread/components/drivers/usb/usbdevice/core/usbdevice_core.o
 .text.dcd_set_config
                0x10009c88       0x70 ./rt-thread/components/drivers/usb/usbdevice/core/usbdevice_core.o
 .text.dcd_ep_enable
                0x10009cf8       0x6c ./rt-thread/components/drivers/usb/usbdevice/core/usbdevice_core.o
 .text.dcd_ep_disable
                0x10009d64       0x6c ./rt-thread/components/drivers/usb/usbdevice/core/usbdevice_core.o
 .text.dcd_ep_read_prepare
                0x10009dd0       0x68 ./rt-thread/components/drivers/usb/usbdevice/core/usbdevice_core.o
 .text.dcd_ep_read
                0x10009e38       0x68 ./rt-thread/components/drivers/usb/usbdevice/core/usbdevice_core.o
 .text.dcd_ep_write
                0x10009ea0       0x74 ./rt-thread/components/drivers/usb/usbdevice/core/usbdevice_core.o
 .text.dcd_ep0_send_status
                0x10009f14       0x68 ./rt-thread/components/drivers/usb/usbdevice/core/usbdevice_core.o
 .text.dcd_ep_set_stall
                0x10009f7c       0x70 ./rt-thread/components/drivers/usb/usbdevice/core/usbdevice_core.o
 .text.dcd_ep_clear_stall
                0x10009fec       0x70 ./rt-thread/components/drivers/usb/usbdevice/core/usbdevice_core.o
 .text._get_device_descriptor
                0x1000a05c       0x64 ./rt-thread/components/drivers/usb/usbdevice/core/usbdevice_core.o
 .text._get_config_descriptor
                0x1000a0c0       0x6c ./rt-thread/components/drivers/usb/usbdevice/core/usbdevice_core.o
 .text._get_string_descriptor
                0x1000a12c      0x160 ./rt-thread/components/drivers/usb/usbdevice/core/usbdevice_core.o
 .text._get_qualifier_descriptor
                0x1000a28c       0x6c ./rt-thread/components/drivers/usb/usbdevice/core/usbdevice_core.o
 .text._get_descriptor
                0x1000a2f8       0xe8 ./rt-thread/components/drivers/usb/usbdevice/core/usbdevice_core.o
 .text._get_interface
                0x1000a3e0       0x98 ./rt-thread/components/drivers/usb/usbdevice/core/usbdevice_core.o
 .text._set_interface
                0x1000a478       0xe0 ./rt-thread/components/drivers/usb/usbdevice/core/usbdevice_core.o
 .text._get_config
                0x1000a558       0x88 ./rt-thread/components/drivers/usb/usbdevice/core/usbdevice_core.o
 .text._set_config
                0x1000a5e0      0x148 ./rt-thread/components/drivers/usb/usbdevice/core/usbdevice_core.o
 .text._set_address
                0x1000a728       0x70 ./rt-thread/components/drivers/usb/usbdevice/core/usbdevice_core.o
 .text._request_interface
                0x1000a798       0x78 ./rt-thread/components/drivers/usb/usbdevice/core/usbdevice_core.o
 .text._standard_request
                0x1000a810      0x2ec ./rt-thread/components/drivers/usb/usbdevice/core/usbdevice_core.o
 .text._function_request
                0x1000aafc       0xc8 ./rt-thread/components/drivers/usb/usbdevice/core/usbdevice_core.o
 .text._vendor_request
                0x1000abc4      0x13c ./rt-thread/components/drivers/usb/usbdevice/core/usbdevice_core.o
 .text._dump_setup_packet
                0x1000ad00       0x18 ./rt-thread/components/drivers/usb/usbdevice/core/usbdevice_core.o
 .text._setup_request
                0x1000ad18       0x94 ./rt-thread/components/drivers/usb/usbdevice/core/usbdevice_core.o
 .text._data_notify
                0x1000adac      0x1f4 ./rt-thread/components/drivers/usb/usbdevice/core/usbdevice_core.o
 .text._ep0_out_notify
                0x1000afa0       0xe4 ./rt-thread/components/drivers/usb/usbdevice/core/usbdevice_core.o
 .text._sof_notify
                0x1000b084       0x68 ./rt-thread/components/drivers/usb/usbdevice/core/usbdevice_core.o
 .text._stop_notify
                0x1000b0ec       0x78 ./rt-thread/components/drivers/usb/usbdevice/core/usbdevice_core.o
 .text.rt_usbd_ep_write
                0x1000b164       0xd0 ./rt-thread/components/drivers/usb/usbdevice/core/usbdevice_core.o
 .text.rt_usbd_ep_read_prepare
                0x1000b234       0xb4 ./rt-thread/components/drivers/usb/usbdevice/core/usbdevice_core.o
 .text.rt_usbd_device_new
                0x1000b2e8       0x50 ./rt-thread/components/drivers/usb/usbdevice/core/usbdevice_core.o
                0x1000b2e8                rt_usbd_device_new
 .text.rt_usbd_device_set_string
                0x1000b338       0x4c ./rt-thread/components/drivers/usb/usbdevice/core/usbdevice_core.o
                0x1000b338                rt_usbd_device_set_string
 .text.rt_usbd_device_set_os_comp_id_desc
                0x1000b384       0x58 ./rt-thread/components/drivers/usb/usbdevice/core/usbdevice_core.o
                0x1000b384                rt_usbd_device_set_os_comp_id_desc
 .text.rt_usbd_device_set_qualifier
                0x1000b3dc       0x4c ./rt-thread/components/drivers/usb/usbdevice/core/usbdevice_core.o
                0x1000b3dc                rt_usbd_device_set_qualifier
 .text.rt_usbd_device_set_controller
                0x1000b428       0x4c ./rt-thread/components/drivers/usb/usbdevice/core/usbdevice_core.o
                0x1000b428                rt_usbd_device_set_controller
 .text.rt_usbd_device_set_descriptor
                0x1000b474       0x54 ./rt-thread/components/drivers/usb/usbdevice/core/usbdevice_core.o
                0x1000b474                rt_usbd_device_set_descriptor
 .text.rt_usbd_config_new
                0x1000b4c8       0x64 ./rt-thread/components/drivers/usb/usbdevice/core/usbdevice_core.o
                0x1000b4c8                rt_usbd_config_new
 .text.rt_usbd_interface_new
                0x1000b52c       0x7c ./rt-thread/components/drivers/usb/usbdevice/core/usbdevice_core.o
                0x1000b52c                rt_usbd_interface_new
 .text.rt_usbd_altsetting_new
                0x1000b5a8       0x88 ./rt-thread/components/drivers/usb/usbdevice/core/usbdevice_core.o
                0x1000b5a8                rt_usbd_altsetting_new
 .text.rt_usbd_altsetting_config_descriptor
                0x1000b630       0x64 ./rt-thread/components/drivers/usb/usbdevice/core/usbdevice_core.o
                0x1000b630                rt_usbd_altsetting_config_descriptor
 .text.rt_usbd_function_new
                0x1000b694       0x84 ./rt-thread/components/drivers/usb/usbdevice/core/usbdevice_core.o
                0x1000b694                rt_usbd_function_new
 .text.rt_usbd_endpoint_new
                0x1000b718       0x6c ./rt-thread/components/drivers/usb/usbdevice/core/usbdevice_core.o
                0x1000b718                rt_usbd_endpoint_new
 .text.rt_usbd_find_device
                0x1000b784       0x64 ./rt-thread/components/drivers/usb/usbdevice/core/usbdevice_core.o
                0x1000b784                rt_usbd_find_device
 .text.rt_usbd_find_config
                0x1000b7e8       0x88 ./rt-thread/components/drivers/usb/usbdevice/core/usbdevice_core.o
                0x1000b7e8                rt_usbd_find_config
 .text.rt_usbd_find_interface
                0x1000b870       0xbc ./rt-thread/components/drivers/usb/usbdevice/core/usbdevice_core.o
                0x1000b870                rt_usbd_find_interface
 .text.rt_usbd_find_altsetting
                0x1000b92c       0x88 ./rt-thread/components/drivers/usb/usbdevice/core/usbdevice_core.o
                0x1000b92c                rt_usbd_find_altsetting
 .text.rt_usbd_find_endpoint
                0x1000b9b4       0xc4 ./rt-thread/components/drivers/usb/usbdevice/core/usbdevice_core.o
                0x1000b9b4                rt_usbd_find_endpoint
 .text.rt_usbd_device_add_config
                0x1000ba78      0x138 ./rt-thread/components/drivers/usb/usbdevice/core/usbdevice_core.o
                0x1000ba78                rt_usbd_device_add_config
 .text.rt_usbd_config_add_function
                0x1000bbb0       0x54 ./rt-thread/components/drivers/usb/usbdevice/core/usbdevice_core.o
                0x1000bbb0                rt_usbd_config_add_function
 .text.rt_usbd_function_add_interface
                0x1000bc04       0x54 ./rt-thread/components/drivers/usb/usbdevice/core/usbdevice_core.o
                0x1000bc04                rt_usbd_function_add_interface
 .text.rt_usbd_interface_add_altsetting
                0x1000bc58       0x5c ./rt-thread/components/drivers/usb/usbdevice/core/usbdevice_core.o
                0x1000bc58                rt_usbd_interface_add_altsetting
 .text.rt_usbd_altsetting_add_endpoint
                0x1000bcb4       0x54 ./rt-thread/components/drivers/usb/usbdevice/core/usbdevice_core.o
                0x1000bcb4                rt_usbd_altsetting_add_endpoint
 .text.rt_usbd_set_altsetting
                0x1000bd08       0x44 ./rt-thread/components/drivers/usb/usbdevice/core/usbdevice_core.o
                0x1000bd08                rt_usbd_set_altsetting
 .text.rt_usbd_set_config
                0x1000bd4c       0x70 ./rt-thread/components/drivers/usb/usbdevice/core/usbdevice_core.o
                0x1000bd4c                rt_usbd_set_config
 .text.rt_usbd_io_request
                0x1000bdbc       0xbc ./rt-thread/components/drivers/usb/usbdevice/core/usbdevice_core.o
                0x1000bdbc                rt_usbd_io_request
 .text.rt_usbd_set_feature
                0x1000be78       0x54 ./rt-thread/components/drivers/usb/usbdevice/core/usbdevice_core.o
                0x1000be78                rt_usbd_set_feature
 .text.rt_usbd_clear_feature
                0x1000becc       0x54 ./rt-thread/components/drivers/usb/usbdevice/core/usbdevice_core.o
                0x1000becc                rt_usbd_clear_feature
 .text.rt_usbd_ep0_set_stall
                0x1000bf20       0x3c ./rt-thread/components/drivers/usb/usbdevice/core/usbdevice_core.o
                0x1000bf20                rt_usbd_ep0_set_stall
 .text.rt_usbd_ep_assign
                0x1000bf5c      0x158 ./rt-thread/components/drivers/usb/usbdevice/core/usbdevice_core.o
 .text.rt_usbd_ep0_write
                0x1000c0b4       0xd0 ./rt-thread/components/drivers/usb/usbdevice/core/usbdevice_core.o
                0x1000c0b4                rt_usbd_ep0_write
 .text.rt_usbd_ep0_read
                0x1000c184       0xbc ./rt-thread/components/drivers/usb/usbdevice/core/usbdevice_core.o
                0x1000c184                rt_usbd_ep0_read
 .text.rt_usbd_thread_entry
                0x1000c240       0xf8 ./rt-thread/components/drivers/usb/usbdevice/core/usbdevice_core.o
 .text.rt_usbd_core_init
                0x1000c338       0x6c ./rt-thread/components/drivers/usb/usbdevice/core/usbdevice_core.o
                0x1000c338                rt_usbd_core_init
 .text.dcd_ep0_send_status
                0x1000c3a4       0x68 ./rt-thread/components/drivers/usb/usbdevice/class/cdc_vcom.o
 .text.vcom_get_stored_serno
                0x1000c40c       0x1c ./rt-thread/components/drivers/usb/usbdevice/class/cdc_vcom.o
                0x1000c40c                vcom_get_stored_serno
 .text._vcom_reset_state
                0x1000c428       0x48 ./rt-thread/components/drivers/usb/usbdevice/class/cdc_vcom.o
 .text._ep_in_handler
                0x1000c470       0xa0 ./rt-thread/components/drivers/usb/usbdevice/class/cdc_vcom.o
 .text._ep_out_handler
                0x1000c510       0xb0 ./rt-thread/components/drivers/usb/usbdevice/class/cdc_vcom.o
 .text._ep_cmd_handler
                0x1000c5c0       0x30 ./rt-thread/components/drivers/usb/usbdevice/class/cdc_vcom.o
 .text._cdc_get_line_coding
                0x1000c5f0       0x74 ./rt-thread/components/drivers/usb/usbdevice/class/cdc_vcom.o
 .text._cdc_set_line_coding_callback
                0x1000c664       0x20 ./rt-thread/components/drivers/usb/usbdevice/class/cdc_vcom.o
 .text._cdc_set_line_coding
                0x1000c684       0x58 ./rt-thread/components/drivers/usb/usbdevice/class/cdc_vcom.o
 .text._interface_handler
                0x1000c6dc      0x160 ./rt-thread/components/drivers/usb/usbdevice/class/cdc_vcom.o
 .text._function_enable
                0x1000c83c       0x98 ./rt-thread/components/drivers/usb/usbdevice/class/cdc_vcom.o
 .text._function_disable
                0x1000c8d4       0x58 ./rt-thread/components/drivers/usb/usbdevice/class/cdc_vcom.o
 .text._cdc_descriptor_config
                0x1000c92c       0x34 ./rt-thread/components/drivers/usb/usbdevice/class/cdc_vcom.o
 .text.rt_usbd_function_cdc_create
                0x1000c960      0x1c0 ./rt-thread/components/drivers/usb/usbdevice/class/cdc_vcom.o
                0x1000c960                rt_usbd_function_cdc_create
 .text._vcom_configure
                0x1000cb20       0x18 ./rt-thread/components/drivers/usb/usbdevice/class/cdc_vcom.o
 .text._vcom_control
                0x1000cb38       0x44 ./rt-thread/components/drivers/usb/usbdevice/class/cdc_vcom.o
 .text._vcom_getc
                0x1000cb7c       0x4c ./rt-thread/components/drivers/usb/usbdevice/class/cdc_vcom.o
 .text._vcom_rb_block_put
                0x1000cbc8       0x8c ./rt-thread/components/drivers/usb/usbdevice/class/cdc_vcom.o
 .text._vcom_tx
                0x1000cc54      0x144 ./rt-thread/components/drivers/usb/usbdevice/class/cdc_vcom.o
 .text._vcom_putc
                0x1000cd98       0xa8 ./rt-thread/components/drivers/usb/usbdevice/class/cdc_vcom.o
 .text.vcom_tx_thread_entry
                0x1000ce40      0x150 ./rt-thread/components/drivers/usb/usbdevice/class/cdc_vcom.o
 .text.rt_usb_vcom_init
                0x1000cf90      0x10c ./rt-thread/components/drivers/usb/usbdevice/class/cdc_vcom.o
 .text.rt_usbd_vcom_class_register
                0x1000d09c       0x14 ./rt-thread/components/drivers/usb/usbdevice/class/cdc_vcom.o
                0x1000d09c                rt_usbd_vcom_class_register
 .text._serial_poll_rx
                0x1000d0b0       0x80 ./rt-thread/components/drivers/serial/serial.o
 .text._serial_poll_tx
                0x1000d130       0x7c ./rt-thread/components/drivers/serial/serial.o
 .text._serial_int_rx
                0x1000d1ac       0xd8 ./rt-thread/components/drivers/serial/serial.o
 .text._serial_int_tx
                0x1000d284       0xc4 ./rt-thread/components/drivers/serial/serial.o
 .text._serial_check_buffer_size
                0x1000d348       0x38 ./rt-thread/components/drivers/serial/serial.o
 .text._serial_fifo_calc_recved_len
                0x1000d380       0x88 ./rt-thread/components/drivers/serial/serial.o
 .text.rt_dma_calc_recved_len
                0x1000d408       0x18 ./rt-thread/components/drivers/serial/serial.o
 .text.rt_dma_recv_update_get_index
                0x1000d420       0xa8 ./rt-thread/components/drivers/serial/serial.o
 .text.rt_dma_recv_update_put_index
                0x1000d4c8       0xf8 ./rt-thread/components/drivers/serial/serial.o
 .text._serial_dma_rx
                0x1000d5c0      0x198 ./rt-thread/components/drivers/serial/serial.o
 .text._serial_dma_tx
                0x1000d758       0x70 ./rt-thread/components/drivers/serial/serial.o
 .text.rt_serial_init
                0x1000d7c8       0x6c ./rt-thread/components/drivers/serial/serial.o
 .text.rt_serial_open
                0x1000d834      0x36c ./rt-thread/components/drivers/serial/serial.o
 .text.rt_serial_close
                0x1000dba0      0x1e0 ./rt-thread/components/drivers/serial/serial.o
 .text.rt_serial_read
                0x1000dd80       0x84 ./rt-thread/components/drivers/serial/serial.o
 .text.rt_serial_write
                0x1000de04       0x84 ./rt-thread/components/drivers/serial/serial.o
 .text.rt_serial_control
                0x1000de88      0x120 ./rt-thread/components/drivers/serial/serial.o
 .text.rt_hw_serial_register
                0x1000dfa8       0x9c ./rt-thread/components/drivers/serial/serial.o
                0x1000dfa8                rt_hw_serial_register
 .text.rt_hw_serial_isr
                0x1000e044      0x274 ./rt-thread/components/drivers/serial/serial.o
                0x1000e044                rt_hw_serial_isr
 .text._pin_read
                0x1000e2b8       0x60 ./rt-thread/components/drivers/misc/pin.o
 .text._pin_write
                0x1000e318       0x5c ./rt-thread/components/drivers/misc/pin.o
 .text._pin_control
                0x1000e374       0x54 ./rt-thread/components/drivers/misc/pin.o
 .text.rt_device_pin_register
                0x1000e3c8       0x74 ./rt-thread/components/drivers/misc/pin.o
                0x1000e3c8                rt_device_pin_register
 .text.rt_pin_mode
                0x1000e43c       0x40 ./rt-thread/components/drivers/misc/pin.o
                0x1000e43c                rt_pin_mode
 .text.rt_pin_write
                0x1000e47c       0x40 ./rt-thread/components/drivers/misc/pin.o
                0x1000e47c                rt_pin_write
 .text.rt_pin_read
                0x1000e4bc       0x3c ./rt-thread/components/drivers/misc/pin.o
                0x1000e4bc                rt_pin_read
 .text.rt_pin_get
                0x1000e4f8       0x60 ./rt-thread/components/drivers/misc/pin.o
                0x1000e4f8                rt_pin_get
 .text._pin_cmd_conv
                0x1000e558       0xb4 ./rt-thread/components/drivers/misc/pin.o
 .text._pin_cmd_print_usage
                0x1000e60c       0x58 ./rt-thread/components/drivers/misc/pin.o
 .text._pin_cmd_get
                0x1000e664       0x5c ./rt-thread/components/drivers/misc/pin.o
 .text._pin_cmd_mode
                0x1000e6c0      0x110 ./rt-thread/components/drivers/misc/pin.o
 .text._pin_cmd_read
                0x1000e7d0       0x94 ./rt-thread/components/drivers/misc/pin.o
 .text._pin_cmd_write
                0x1000e864       0xe4 ./rt-thread/components/drivers/misc/pin.o
 .text._pin_cmd
                0x1000e948       0xac ./rt-thread/components/drivers/misc/pin.o
 .text.rt_list_init
                0x1000e9f4       0x24 ./rt-thread/components/drivers/ipc/completion.o
 .text.rt_list_insert_before
                0x1000ea18       0x34 ./rt-thread/components/drivers/ipc/completion.o
 .text.rt_list_isempty
                0x1000ea4c       0x24 ./rt-thread/components/drivers/ipc/completion.o
 .text.rt_completion_init
                0x1000ea70       0x44 ./rt-thread/components/drivers/ipc/completion.o
                0x1000ea70                rt_completion_init
 .text.rt_completion_wait
                0x1000eab4      0x1a8 ./rt-thread/components/drivers/ipc/completion.o
                0x1000eab4                rt_completion_wait
 .text.rt_completion_done
                0x1000ec5c       0x70 ./rt-thread/components/drivers/ipc/completion.o
                0x1000ec5c                rt_completion_done
 .text.rt_list_init
                0x1000eccc       0x24 ./rt-thread/components/drivers/ipc/dataqueue.o
 .text.rt_list_insert_before
                0x1000ecf0       0x34 ./rt-thread/components/drivers/ipc/dataqueue.o
 .text.rt_list_isempty
                0x1000ed24       0x24 ./rt-thread/components/drivers/ipc/dataqueue.o
 .text.rt_data_queue_init
                0x1000ed48       0xc0 ./rt-thread/components/drivers/ipc/dataqueue.o
                0x1000ed48                rt_data_queue_init
 .text.rt_data_queue_push
                0x1000ee08      0x264 ./rt-thread/components/drivers/ipc/dataqueue.o
                0x1000ee08                rt_data_queue_push
 .text.rt_data_queue_pop
                0x1000f06c      0x2bc ./rt-thread/components/drivers/ipc/dataqueue.o
                0x1000f06c                rt_data_queue_pop
 .text.rt_data_queue_peek
                0x1000f328       0xa0 ./rt-thread/components/drivers/ipc/dataqueue.o
                0x1000f328                rt_data_queue_peek
 .text.rt_data_queue_reset
                0x1000f3c8       0xf0 ./rt-thread/components/drivers/ipc/dataqueue.o
                0x1000f3c8                rt_data_queue_reset
 .text.rt_data_queue_deinit
                0x1000f4b8       0x6c ./rt-thread/components/drivers/ipc/dataqueue.o
                0x1000f4b8                rt_data_queue_deinit
 .text.rt_data_queue_len
                0x1000f524       0xc4 ./rt-thread/components/drivers/ipc/dataqueue.o
                0x1000f524                rt_data_queue_len
 .text.rt_ringbuffer_status
                0x1000f5e8       0x4c ./rt-thread/components/drivers/ipc/ringbuffer.o
 .text.rt_ringbuffer_init
                0x1000f634       0x98 ./rt-thread/components/drivers/ipc/ringbuffer.o
                0x1000f634                rt_ringbuffer_init
 .text.rt_ringbuffer_put
                0x1000f6cc      0x13c ./rt-thread/components/drivers/ipc/ringbuffer.o
                0x1000f6cc                rt_ringbuffer_put
 .text.rt_ringbuffer_get
                0x1000f808      0x130 ./rt-thread/components/drivers/ipc/ringbuffer.o
                0x1000f808                rt_ringbuffer_get
 .text.rt_ringbuffer_putchar_force
                0x1000f938       0xf0 ./rt-thread/components/drivers/ipc/ringbuffer.o
                0x1000f938                rt_ringbuffer_putchar_force
 .text.rt_ringbuffer_getchar
                0x1000fa28       0xa8 ./rt-thread/components/drivers/ipc/ringbuffer.o
                0x1000fa28                rt_ringbuffer_getchar
 .text.rt_ringbuffer_data_len
                0x1000fad0       0x60 ./rt-thread/components/drivers/ipc/ringbuffer.o
                0x1000fad0                rt_ringbuffer_data_len
 .text.cycfg_config_init
                0x1000fb30       0x1c ./libs/TARGET_RTT-062S2/config/GeneratedSource/cycfg.o
                0x1000fb30                cycfg_config_init
 .text.cycfg_config_reservations
                0x1000fb4c       0x18 ./libs/TARGET_RTT-062S2/config/GeneratedSource/cycfg.o
                0x1000fb4c                cycfg_config_reservations
 .text.init_cycfg_clocks
                0x1000fb64       0x74 ./libs/TARGET_RTT-062S2/config/GeneratedSource/cycfg_clocks.o
                0x1000fb64                init_cycfg_clocks
 .text.reserve_cycfg_clocks
                0x1000fbd8       0x30 ./libs/TARGET_RTT-062S2/config/GeneratedSource/cycfg_clocks.o
                0x1000fbd8                reserve_cycfg_clocks
 .text.reserve_cycfg_dmas
                0x1000fc08       0x58 ./libs/TARGET_RTT-062S2/config/GeneratedSource/cycfg_dmas.o
                0x1000fc08                reserve_cycfg_dmas
 .text.init_cycfg_peripherals
                0x1000fc60       0x1c ./libs/TARGET_RTT-062S2/config/GeneratedSource/cycfg_peripherals.o
                0x1000fc60                init_cycfg_peripherals
 .text.reserve_cycfg_peripherals
                0x1000fc7c       0x14 ./libs/TARGET_RTT-062S2/config/GeneratedSource/cycfg_peripherals.o
                0x1000fc7c                reserve_cycfg_peripherals
 .text.init_cycfg_pins
                0x1000fc90       0x48 ./libs/TARGET_RTT-062S2/config/GeneratedSource/cycfg_pins.o
                0x1000fc90                init_cycfg_pins
 .text.reserve_cycfg_pins
                0x1000fcd8       0x6c ./libs/TARGET_RTT-062S2/config/GeneratedSource/cycfg_pins.o
                0x1000fcd8                reserve_cycfg_pins
 .text.init_cycfg_routing
                0x1000fd44      0x104 ./libs/TARGET_RTT-062S2/config/GeneratedSource/cycfg_routing.o
                0x1000fd44                init_cycfg_routing
 .text.CY_HALT  0x1000fe48       0x10 ./libs/TARGET_RTT-062S2/config/GeneratedSource/cycfg_system.o
 .text.cycfg_ClockStartupError
                0x1000fe58        0xc ./libs/TARGET_RTT-062S2/config/GeneratedSource/cycfg_system.o
                0x1000fe58                cycfg_ClockStartupError
 .text.Cy_SysClk_FllDeInit
                0x1000fe64        0xc ./libs/TARGET_RTT-062S2/config/GeneratedSource/cycfg_system.o
 .text.Cy_SysClk_ClkFastInit
                0x1000fe70       0x10 ./libs/TARGET_RTT-062S2/config/GeneratedSource/cycfg_system.o
 .text.Cy_SysClk_FllInit
                0x1000fe80       0x34 ./libs/TARGET_RTT-062S2/config/GeneratedSource/cycfg_system.o
 .text.Cy_SysClk_ClkHf0Init
                0x1000feb4       0x18 ./libs/TARGET_RTT-062S2/config/GeneratedSource/cycfg_system.o
 .text.Cy_SysClk_ClkHf3Init
                0x1000fecc       0x20 ./libs/TARGET_RTT-062S2/config/GeneratedSource/cycfg_system.o
 .text.Cy_SysClk_IloInit
                0x1000feec       0x14 ./libs/TARGET_RTT-062S2/config/GeneratedSource/cycfg_system.o
 .text.Cy_SysClk_ClkPath0Init
                0x1000ff00       0x10 ./libs/TARGET_RTT-062S2/config/GeneratedSource/cycfg_system.o
 .text.Cy_SysClk_ClkPath1Init
                0x1000ff10       0x10 ./libs/TARGET_RTT-062S2/config/GeneratedSource/cycfg_system.o
 .text.Cy_SysClk_ClkPath2Init
                0x1000ff20       0x10 ./libs/TARGET_RTT-062S2/config/GeneratedSource/cycfg_system.o
 .text.Cy_SysClk_ClkPath3Init
                0x1000ff30       0x10 ./libs/TARGET_RTT-062S2/config/GeneratedSource/cycfg_system.o
 .text.Cy_SysClk_ClkPath4Init
                0x1000ff40       0x10 ./libs/TARGET_RTT-062S2/config/GeneratedSource/cycfg_system.o
 .text.Cy_SysClk_ClkPath5Init
                0x1000ff50       0x10 ./libs/TARGET_RTT-062S2/config/GeneratedSource/cycfg_system.o
 .text.Cy_SysClk_ClkPeriInit
                0x1000ff60       0x10 ./libs/TARGET_RTT-062S2/config/GeneratedSource/cycfg_system.o
 .text.Cy_SysClk_Pll0Init
                0x1000ff70       0x38 ./libs/TARGET_RTT-062S2/config/GeneratedSource/cycfg_system.o
 .text.Cy_SysClk_ClkSlowInit
                0x1000ffa8       0x10 ./libs/TARGET_RTT-062S2/config/GeneratedSource/cycfg_system.o
 .text.Cy_SysClk_ClkTimerInit
                0x1000ffb8       0x1c ./libs/TARGET_RTT-062S2/config/GeneratedSource/cycfg_system.o
 .text.init_cycfg_power
                0x1000ffd4       0x30 ./libs/TARGET_RTT-062S2/config/GeneratedSource/cycfg_system.o
 .text.init_cycfg_system
                0x10010004      0x164 ./libs/TARGET_RTT-062S2/config/GeneratedSource/cycfg_system.o
                0x10010004                init_cycfg_system
 .text          0x10010168       0x94 ./libs/TARGET_RTT-062S2/COMPONENT_CM4/TOOLCHAIN_GCC_ARM/startup_psoc6_02_cm4.o
                0x10010168                Cy_OnResetUser
                0x1001016a                cy_toolchain_init
                0x1001016c                Reset_Handler
                0x100101dc                cpuss_interrupts_dw1_28_IRQHandler
                0x100101dc                cpuss_interrupts_ipc_6_IRQHandler
                0x100101dc                DebugMon_Handler
                0x100101dc                tcpwm_1_interrupts_11_IRQHandler
                0x100101dc                cpuss_interrupts_dw1_24_IRQHandler
                0x100101dc                cpuss_interrupts_ipc_0_IRQHandler
                0x100101dc                tcpwm_1_interrupts_15_IRQHandler
                0x100101dc                cpuss_interrupts_dw0_23_IRQHandler
                0x100101dc                cpuss_interrupts_dw1_18_IRQHandler
                0x100101dc                tcpwm_1_interrupts_13_IRQHandler
                0x100101dc                cpuss_interrupts_dw1_8_IRQHandler
                0x100101dc                tcpwm_0_interrupts_0_IRQHandler
                0x100101dc                SysTick_Handler
                0x100101dc                cpuss_interrupt_fm_IRQHandler
                0x100101dc                cpuss_interrupts_ipc_7_IRQHandler
                0x100101dc                tcpwm_1_interrupts_14_IRQHandler
                0x100101dc                cpuss_interrupts_dmac_0_IRQHandler
                0x100101dc                cpuss_interrupts_dw0_11_IRQHandler
                0x100101dc                tcpwm_1_interrupts_9_IRQHandler
                0x100101dc                cpuss_interrupts_cm0_cti_1_IRQHandler
                0x100101dc                tcpwm_1_interrupts_22_IRQHandler
                0x100101dc                cpuss_interrupts_dw0_4_IRQHandler
                0x100101dc                NMI_Handler
                0x100101dc                scb_10_interrupt_IRQHandler
                0x100101dc                cpuss_interrupts_dw1_12_IRQHandler
                0x100101dc                tcpwm_1_interrupts_12_IRQHandler
                0x100101dc                smif_interrupt_IRQHandler
                0x100101dc                tcpwm_1_interrupts_2_IRQHandler
                0x100101dc                cpuss_interrupts_ipc_13_IRQHandler
                0x100101dc                tcpwm_1_interrupts_18_IRQHandler
                0x100101dc                cpuss_interrupts_dw0_5_IRQHandler
                0x100101dc                tcpwm_0_interrupts_2_IRQHandler
                0x100101dc                cpuss_interrupts_dw0_13_IRQHandler
                0x100101dc                cpuss_interrupts_dw1_7_IRQHandler
                0x100101dc                lpcomp_interrupt_IRQHandler
                0x100101dc                ioss_interrupts_gpio_7_IRQHandler
                0x100101dc                cpuss_interrupts_dw0_24_IRQHandler
                0x100101dc                scb_5_interrupt_IRQHandler
                0x100101dc                cpuss_interrupts_fault_1_IRQHandler
                0x100101dc                cpuss_interrupts_ipc_4_IRQHandler
                0x100101dc                cpuss_interrupts_ipc_5_IRQHandler
                0x100101dc                cpuss_interrupts_dw0_19_IRQHandler
                0x100101dc                cpuss_interrupts_dw1_10_IRQHandler
                0x100101dc                audioss_0_interrupt_i2s_IRQHandler
                0x100101dc                tcpwm_1_interrupts_6_IRQHandler
                0x100101dc                scb_4_interrupt_IRQHandler
                0x100101dc                ioss_interrupts_gpio_2_IRQHandler
                0x100101dc                cpuss_interrupts_dw0_27_IRQHandler
                0x100101dc                cpuss_interrupts_dw1_9_IRQHandler
                0x100101dc                cpuss_interrupts_dw1_13_IRQHandler
                0x100101dc                scb_2_interrupt_IRQHandler
                0x100101dc                cpuss_interrupts_dw1_20_IRQHandler
                0x100101dc                cpuss_interrupts_dw1_21_IRQHandler
                0x100101dc                cpuss_interrupts_dmac_3_IRQHandler
                0x100101dc                cpuss_interrupts_cm4_fp_IRQHandler
                0x100101dc                srss_interrupt_IRQHandler
                0x100101dc                scb_0_interrupt_IRQHandler
                0x100101dc                csd_interrupt_IRQHandler
                0x100101dc                cpuss_interrupts_dw0_18_IRQHandler
                0x100101dc                profile_interrupt_IRQHandler
                0x100101dc                tcpwm_1_interrupts_1_IRQHandler
                0x100101dc                scb_12_interrupt_IRQHandler
                0x100101dc                audioss_0_interrupt_pdm_IRQHandler
                0x100101dc                cpuss_interrupts_dw1_25_IRQHandler
                0x100101dc                sdhc_0_interrupt_wakeup_IRQHandler
                0x100101dc                cpuss_interrupts_ipc_12_IRQHandler
                0x100101dc                tcpwm_1_interrupts_3_IRQHandler
                0x100101dc                tcpwm_0_interrupts_7_IRQHandler
                0x100101dc                cpuss_interrupts_dw1_1_IRQHandler
                0x100101dc                cpuss_interrupts_dw1_0_IRQHandler
                0x100101dc                cpuss_interrupts_dw0_9_IRQHandler
                0x100101dc                ioss_interrupts_gpio_1_IRQHandler
                0x100101dc                tcpwm_1_interrupts_23_IRQHandler
                0x100101dc                tcpwm_1_interrupts_20_IRQHandler
                0x100101dc                ioss_interrupt_gpio_IRQHandler
                0x100101dc                tcpwm_0_interrupts_1_IRQHandler
                0x100101dc                sdhc_0_interrupt_general_IRQHandler
                0x100101dc                ioss_interrupts_gpio_8_IRQHandler
                0x100101dc                tcpwm_0_interrupts_6_IRQHandler
                0x100101dc                scb_7_interrupt_IRQHandler
                0x100101dc                tcpwm_1_interrupts_7_IRQHandler
                0x100101dc                cpuss_interrupts_ipc_11_IRQHandler
                0x100101dc                cpuss_interrupts_dw0_15_IRQHandler
                0x100101dc                cpuss_interrupts_dw1_6_IRQHandler
                0x100101dc                cpuss_interrupt_crypto_IRQHandler
                0x100101dc                scb_1_interrupt_IRQHandler
                0x100101dc                Default_Handler
                0x100101dc                usb_interrupt_hi_IRQHandler
                0x100101dc                tcpwm_1_interrupts_0_IRQHandler
                0x100101dc                scb_9_interrupt_IRQHandler
                0x100101dc                srss_interrupt_mcwdt_0_IRQHandler
                0x100101dc                cpuss_interrupts_dmac_1_IRQHandler
                0x100101dc                scb_3_interrupt_IRQHandler
                0x100101dc                cpuss_interrupts_dw0_16_IRQHandler
                0x100101dc                ioss_interrupts_gpio_3_IRQHandler
                0x100101dc                scb_6_interrupt_IRQHandler
                0x100101dc                cpuss_interrupts_cm4_cti_0_IRQHandler
                0x100101dc                cpuss_interrupts_dw1_26_IRQHandler
                0x100101dc                cpuss_interrupts_dw1_3_IRQHandler
                0x100101dc                pass_interrupt_sar_IRQHandler
                0x100101dc                ioss_interrupts_gpio_0_IRQHandler
                0x100101dc                cpuss_interrupts_dw1_17_IRQHandler
                0x100101dc                sdhc_1_interrupt_general_IRQHandler
                0x100101dc                ioss_interrupts_gpio_14_IRQHandler
                0x100101dc                tcpwm_0_interrupts_4_IRQHandler
                0x100101dc                tcpwm_0_interrupts_5_IRQHandler
                0x100101dc                cpuss_interrupts_dw1_16_IRQHandler
                0x100101dc                cpuss_interrupts_ipc_15_IRQHandler
                0x100101dc                cpuss_interrupts_cm4_cti_1_IRQHandler
                0x100101dc                scb_8_interrupt_IRQHandler
                0x100101dc                srss_interrupt_mcwdt_1_IRQHandler
                0x100101dc                ioss_interrupts_gpio_13_IRQHandler
                0x100101dc                SVC_Handler
                0x100101dc                cpuss_interrupts_dw1_27_IRQHandler
                0x100101dc                cpuss_interrupts_dw0_20_IRQHandler
                0x100101dc                cpuss_interrupts_dw1_5_IRQHandler
                0x100101dc                audioss_1_interrupt_i2s_IRQHandler
                0x100101dc                cpuss_interrupts_ipc_1_IRQHandler
                0x100101dc                scb_11_interrupt_IRQHandler
                0x100101dc                cpuss_interrupts_dw0_0_IRQHandler
                0x100101dc                ioss_interrupts_gpio_12_IRQHandler
                0x100101dc                cpuss_interrupts_dw0_17_IRQHandler
                0x100101dc                cpuss_interrupts_ipc_3_IRQHandler
                0x100101dc                cpuss_interrupts_dw1_22_IRQHandler
                0x100101dc                cpuss_interrupts_dw1_23_IRQHandler
                0x100101dc                tcpwm_1_interrupts_17_IRQHandler
                0x100101dc                srss_interrupt_backup_IRQHandler
                0x100101dc                cpuss_interrupts_dw0_26_IRQHandler
                0x100101dc                cpuss_interrupts_ipc_10_IRQHandler
                0x100101dc                cpuss_interrupts_ipc_9_IRQHandler
                0x100101dc                cpuss_interrupts_dw0_14_IRQHandler
                0x100101dc                tcpwm_1_interrupts_4_IRQHandler
                0x100101dc                tcpwm_0_interrupts_3_IRQHandler
                0x100101dc                cpuss_interrupts_dw1_15_IRQHandler
                0x100101dc                ioss_interrupts_gpio_10_IRQHandler
                0x100101dc                cpuss_interrupts_dw0_8_IRQHandler
                0x100101dc                cpuss_interrupts_dmac_2_IRQHandler
                0x100101dc                ioss_interrupts_gpio_11_IRQHandler
                0x100101dc                cpuss_interrupts_ipc_14_IRQHandler
                0x100101dc                ioss_interrupts_gpio_5_IRQHandler
                0x100101dc                ioss_interrupts_gpio_4_IRQHandler
                0x100101dc                tcpwm_1_interrupts_8_IRQHandler
                0x100101dc                cpuss_interrupts_dw1_14_IRQHandler
                0x100101dc                cpuss_interrupts_dw0_22_IRQHandler
                0x100101dc                usb_interrupt_med_IRQHandler
                0x100101dc                cpuss_interrupts_dw0_2_IRQHandler
                0x100101dc                tcpwm_1_interrupts_10_IRQHandler
                0x100101dc                cpuss_interrupts_dw0_28_IRQHandler
                0x100101dc                cpuss_interrupts_fault_0_IRQHandler
                0x100101dc                cpuss_interrupts_dw0_12_IRQHandler
                0x100101dc                ioss_interrupts_gpio_6_IRQHandler
                0x100101dc                tcpwm_1_interrupts_21_IRQHandler
                0x100101dc                tcpwm_1_interrupts_16_IRQHandler
                0x100101dc                cpuss_interrupts_dw1_4_IRQHandler
                0x100101dc                cpuss_interrupts_dw1_11_IRQHandler
                0x100101dc                cpuss_interrupts_dw0_6_IRQHandler
                0x100101dc                cpuss_interrupts_dw0_25_IRQHandler
                0x100101dc                ioss_interrupt_vdd_IRQHandler
                0x100101dc                cpuss_interrupts_cm0_cti_0_IRQHandler
                0x100101dc                tcpwm_1_interrupts_5_IRQHandler
                0x100101dc                cpuss_interrupts_ipc_2_IRQHandler
                0x100101dc                cpuss_interrupts_dw0_10_IRQHandler
                0x100101dc                cpuss_interrupts_dw1_19_IRQHandler
                0x100101dc                tcpwm_1_interrupts_19_IRQHandler
                0x100101dc                cpuss_interrupts_dw0_1_IRQHandler
                0x100101dc                ioss_interrupts_gpio_9_IRQHandler
                0x100101dc                sdhc_1_interrupt_wakeup_IRQHandler
                0x100101dc                usb_interrupt_lo_IRQHandler
                0x100101dc                cpuss_interrupts_ipc_8_IRQHandler
                0x100101dc                cpuss_interrupts_dw0_21_IRQHandler
                0x100101dc                cpuss_interrupts_dw0_7_IRQHandler
                0x100101dc                cpuss_interrupts_dw1_2_IRQHandler
                0x100101dc                cpuss_interrupts_dw0_3_IRQHandler
                0x100101e0                UsageFault_Handler
                0x100101e0                MemManage_Handler
                0x100101e0                BusFault_Handler
 .text.SystemInit
                0x100101fc       0x38 ./libs/TARGET_RTT-062S2/COMPONENT_CM4/system_psoc6_cm4.o
                0x100101fc                SystemInit
 .text.Cy_SystemInit
                0x10010234       0x10 ./libs/TARGET_RTT-062S2/COMPONENT_CM4/system_psoc6_cm4.o
                0x10010234                Cy_SystemInit
 .text.SystemCoreClockUpdate
                0x10010244       0xac ./libs/TARGET_RTT-062S2/COMPONENT_CM4/system_psoc6_cm4.o
                0x10010244                SystemCoreClockUpdate
 .text.Cy_SystemInitFpuEnable
                0x100102f0       0x44 ./libs/TARGET_RTT-062S2/COMPONENT_CM4/system_psoc6_cm4.o
                0x100102f0                Cy_SystemInitFpuEnable
 .text.Cy_SysIpcPipeIsrCm4
                0x10010334       0x10 ./libs/TARGET_RTT-062S2/COMPONENT_CM4/system_psoc6_cm4.o
                0x10010334                Cy_SysIpcPipeIsrCm4
 .text.cybsp_register_sysclk_pm_callback
                0x10010344       0x34 ./libs/TARGET_RTT-062S2/cybsp.o
 .text.cybsp_init
                0x10010378       0x48 ./libs/TARGET_RTT-062S2/cybsp.o
                0x10010378                cybsp_init
 .text.CY_HALT  0x100103c0       0x10 ./libraries/IFX_PSOC6_HAL/mtb_shared/usbdev/cy_usb_dev.o
 .text.Cy_USBFS_Dev_Drv_WriteEp0Mode
                0x100103d0       0x24 ./libraries/IFX_PSOC6_HAL/mtb_shared/usbdev/cy_usb_dev.o
 .text.Cy_USBFS_Dev_Drv_SetAddress
                0x100103f4       0x28 ./libraries/IFX_PSOC6_HAL/mtb_shared/usbdev/cy_usb_dev.o
 .text.Cy_USBFS_Dev_Drv_SetDevContext
                0x1001041c       0x20 ./libraries/IFX_PSOC6_HAL/mtb_shared/usbdev/cy_usb_dev.o
 .text.Cy_USBFS_Dev_Drv_GetDevContext
                0x1001043c       0x1c ./libraries/IFX_PSOC6_HAL/mtb_shared/usbdev/cy_usb_dev.o
 .text.Cy_USBFS_Dev_Drv_AddEndpoint
                0x10010458       0x44 ./libraries/IFX_PSOC6_HAL/mtb_shared/usbdev/cy_usb_dev.o
 .text.Cy_USBFS_Dev_Drv_GetEndpointState
                0x1001049c       0x40 ./libraries/IFX_PSOC6_HAL/mtb_shared/usbdev/cy_usb_dev.o
 .text.Cy_USBFS_Dev_Drv_LoadInEndpoint
                0x100104dc       0x5c ./libraries/IFX_PSOC6_HAL/mtb_shared/usbdev/cy_usb_dev.o
 .text.Cy_USBFS_Dev_Drv_ReadOutEndpoint
                0x10010538       0x60 ./libraries/IFX_PSOC6_HAL/mtb_shared/usbdev/cy_usb_dev.o
 .text.Cy_USBFS_Dev_Drv_Ep0Stall
                0x10010598       0x18 ./libraries/IFX_PSOC6_HAL/mtb_shared/usbdev/cy_usb_dev.o
 .text.Cy_USBFS_Dev_Drv_GetEp0MaxPacket
                0x100105b0       0x18 ./libraries/IFX_PSOC6_HAL/mtb_shared/usbdev/cy_usb_dev.o
 .text.Cy_USB_Dev_Init
                0x100105c8      0x108 ./libraries/IFX_PSOC6_HAL/mtb_shared/usbdev/cy_usb_dev.o
                0x100105c8                Cy_USB_Dev_Init
 .text.HandleTimeout
                0x100106d0       0x1c ./libraries/IFX_PSOC6_HAL/mtb_shared/usbdev/cy_usb_dev.o
 .text.Cy_USB_Dev_Connect
                0x100106ec       0x84 ./libraries/IFX_PSOC6_HAL/mtb_shared/usbdev/cy_usb_dev.o
                0x100106ec                Cy_USB_Dev_Connect
 .text.Cy_USB_Dev_Disconnect
                0x10010770       0x2c ./libraries/IFX_PSOC6_HAL/mtb_shared/usbdev/cy_usb_dev.o
                0x10010770                Cy_USB_Dev_Disconnect
 .text.ConvertEndpointStateToStatus
                0x1001079c       0x68 ./libraries/IFX_PSOC6_HAL/mtb_shared/usbdev/cy_usb_dev.o
 .text.Cy_USB_Dev_AbortEpTransfer
                0x10010804       0x34 ./libraries/IFX_PSOC6_HAL/mtb_shared/usbdev/cy_usb_dev.o
                0x10010804                Cy_USB_Dev_AbortEpTransfer
 .text.Cy_USB_Dev_StartReadEp
                0x10010838       0x54 ./libraries/IFX_PSOC6_HAL/mtb_shared/usbdev/cy_usb_dev.o
                0x10010838                Cy_USB_Dev_StartReadEp
 .text.Cy_USB_Dev_ReadEpBlocking
                0x1001088c       0xec ./libraries/IFX_PSOC6_HAL/mtb_shared/usbdev/cy_usb_dev.o
                0x1001088c                Cy_USB_Dev_ReadEpBlocking
 .text.Cy_USB_Dev_ReadEpNonBlocking
                0x10010978       0x6c ./libraries/IFX_PSOC6_HAL/mtb_shared/usbdev/cy_usb_dev.o
                0x10010978                Cy_USB_Dev_ReadEpNonBlocking
 .text.Cy_USB_Dev_WriteEpBlocking
                0x100109e4      0x100 ./libraries/IFX_PSOC6_HAL/mtb_shared/usbdev/cy_usb_dev.o
                0x100109e4                Cy_USB_Dev_WriteEpBlocking
 .text.Cy_USB_Dev_WriteEpNonBlocking
                0x10010ae4       0x68 ./libraries/IFX_PSOC6_HAL/mtb_shared/usbdev/cy_usb_dev.o
                0x10010ae4                Cy_USB_Dev_WriteEpNonBlocking
 .text.BusResetCallback
                0x10010b4c       0x74 ./libraries/IFX_PSOC6_HAL/mtb_shared/usbdev/cy_usb_dev.o
 .text.DecodeSetupPacket
                0x10010bc0       0xa0 ./libraries/IFX_PSOC6_HAL/mtb_shared/usbdev/cy_usb_dev.o
 .text.HandleSetup
                0x10010c60      0x1a4 ./libraries/IFX_PSOC6_HAL/mtb_shared/usbdev/cy_usb_dev.o
 .text.HandleIn
                0x10010e04       0xbc ./libraries/IFX_PSOC6_HAL/mtb_shared/usbdev/cy_usb_dev.o
 .text.HandleOut
                0x10010ec0       0xf0 ./libraries/IFX_PSOC6_HAL/mtb_shared/usbdev/cy_usb_dev.o
 .text.Ep0SetupCallback
                0x10010fb0       0x30 ./libraries/IFX_PSOC6_HAL/mtb_shared/usbdev/cy_usb_dev.o
 .text.Ep0InCallback
                0x10010fe0       0x30 ./libraries/IFX_PSOC6_HAL/mtb_shared/usbdev/cy_usb_dev.o
 .text.Ep0OutCallback
                0x10011010       0x30 ./libraries/IFX_PSOC6_HAL/mtb_shared/usbdev/cy_usb_dev.o
 .text.InitSerialNumberString
                0x10011040       0xc0 ./libraries/IFX_PSOC6_HAL/mtb_shared/usbdev/cy_usb_dev.o
 .text.GetDescriptorRequest
                0x10011100      0x1e4 ./libraries/IFX_PSOC6_HAL/mtb_shared/usbdev/cy_usb_dev.o
 .text.GetConfigurationRequest
                0x100112e4       0x28 ./libraries/IFX_PSOC6_HAL/mtb_shared/usbdev/cy_usb_dev.o
 .text.GetInterfaceRequest
                0x1001130c       0x6c ./libraries/IFX_PSOC6_HAL/mtb_shared/usbdev/cy_usb_dev.o
 .text.GetStatusRequest
                0x10011378       0xc8 ./libraries/IFX_PSOC6_HAL/mtb_shared/usbdev/cy_usb_dev.o
 .text.ClearFeatureRequest
                0x10011440       0x9c ./libraries/IFX_PSOC6_HAL/mtb_shared/usbdev/cy_usb_dev.o
 .text.SetAddressRequest
                0x100114dc       0x3c ./libraries/IFX_PSOC6_HAL/mtb_shared/usbdev/cy_usb_dev.o
 .text.ConfigureDataEndpoints
                0x10011518      0x190 ./libraries/IFX_PSOC6_HAL/mtb_shared/usbdev/cy_usb_dev.o
 .text.SetConfigurationRequest
                0x100116a8      0x170 ./libraries/IFX_PSOC6_HAL/mtb_shared/usbdev/cy_usb_dev.o
 .text.InterfaceRemoveDataEndpoints
                0x10011818       0x6c ./libraries/IFX_PSOC6_HAL/mtb_shared/usbdev/cy_usb_dev.o
 .text.InterfaceAddDataEndpoints
                0x10011884       0x84 ./libraries/IFX_PSOC6_HAL/mtb_shared/usbdev/cy_usb_dev.o
 .text.CallSetInterfaceCallbacks
                0x10011908       0x54 ./libraries/IFX_PSOC6_HAL/mtb_shared/usbdev/cy_usb_dev.o
 .text.SetInterfaceRequest
                0x1001195c      0x164 ./libraries/IFX_PSOC6_HAL/mtb_shared/usbdev/cy_usb_dev.o
 .text.SetFeatureRequest
                0x10011ac0       0x9c ./libraries/IFX_PSOC6_HAL/mtb_shared/usbdev/cy_usb_dev.o
 .text.HandleStandardRequests
                0x10011b5c      0x10c ./libraries/IFX_PSOC6_HAL/mtb_shared/usbdev/cy_usb_dev.o
 .text.HandleClassRequests
                0x10011c68       0x54 ./libraries/IFX_PSOC6_HAL/mtb_shared/usbdev/cy_usb_dev.o
 .text.HandleClassRequestsCompleted
                0x10011cbc       0x54 ./libraries/IFX_PSOC6_HAL/mtb_shared/usbdev/cy_usb_dev.o
 .text.GetExtOsStringDescriptors
                0x10011d10       0x84 ./libraries/IFX_PSOC6_HAL/mtb_shared/usbdev/cy_usb_dev.o
 .text.HandleVendorRequests
                0x10011d94       0x54 ./libraries/IFX_PSOC6_HAL/mtb_shared/usbdev/cy_usb_dev.o
 .text.HandleVendorRequestsCompleted
                0x10011de8       0x34 ./libraries/IFX_PSOC6_HAL/mtb_shared/usbdev/cy_usb_dev.o
 .text.Cy_USB_Dev_RegisterClass
                0x10011e1c       0x6c ./libraries/IFX_PSOC6_HAL/mtb_shared/usbdev/cy_usb_dev.o
                0x10011e1c                Cy_USB_Dev_RegisterClass
 .text.CY_HALT  0x10011e88       0x10 ./libraries/IFX_PSOC6_HAL/mtb_shared/usbdev/cy_usb_dev_cdc.o
 .text.Cy_USBFS_Dev_Drv_GetEndpointState
                0x10011e98       0x40 ./libraries/IFX_PSOC6_HAL/mtb_shared/usbdev/cy_usb_dev_cdc.o
 .text.Cy_USB_Dev_RegisterClassSetConfigCallback
                0x10011ed8       0x1c ./libraries/IFX_PSOC6_HAL/mtb_shared/usbdev/cy_usb_dev_cdc.o
 .text.Cy_USB_Dev_RegisterClassRequestRcvdCallback
                0x10011ef4       0x1c ./libraries/IFX_PSOC6_HAL/mtb_shared/usbdev/cy_usb_dev_cdc.o
 .text.Cy_USB_Dev_RegisterClassRequestCmpltCallback
                0x10011f10       0x1c ./libraries/IFX_PSOC6_HAL/mtb_shared/usbdev/cy_usb_dev_cdc.o
 .text.Cy_USB_Dev_CDC_GetClass
                0x10011f2c       0x18 ./libraries/IFX_PSOC6_HAL/mtb_shared/usbdev/cy_usb_dev_cdc.o
 .text.Cy_USB_Dev_CDC_Init
                0x10011f44      0x150 ./libraries/IFX_PSOC6_HAL/mtb_shared/usbdev/cy_usb_dev_cdc.o
                0x10011f44                Cy_USB_Dev_CDC_Init
 .text.HandleSetConfig
                0x10012094      0x21c ./libraries/IFX_PSOC6_HAL/mtb_shared/usbdev/cy_usb_dev_cdc.o
 .text.HandleRequest
                0x100122b0       0xec ./libraries/IFX_PSOC6_HAL/mtb_shared/usbdev/cy_usb_dev_cdc.o
 .text.HandleRequestComplete
                0x1001239c       0xb4 ./libraries/IFX_PSOC6_HAL/mtb_shared/usbdev/cy_usb_dev_cdc.o
 .text.GetInterfaceComPort
                0x10012450       0x4c ./libraries/IFX_PSOC6_HAL/mtb_shared/usbdev/cy_usb_dev_cdc.o
 .text.Cy_USB_Dev_CDC_PutData
                0x1001249c       0x58 ./libraries/IFX_PSOC6_HAL/mtb_shared/usbdev/cy_usb_dev_cdc.o
                0x1001249c                Cy_USB_Dev_CDC_PutData
 .text.GetCom   0x100124f4       0x24 ./libraries/IFX_PSOC6_HAL/mtb_shared/usbdev/cy_usb_dev_cdc.o
 .text.IsEndpointReady
                0x10012518       0x40 ./libraries/IFX_PSOC6_HAL/mtb_shared/usbdev/cy_usb_dev_cdc.o
 .text.Cy_USB_Dev_CDC_IsDataReady
                0x10012558       0x54 ./libraries/IFX_PSOC6_HAL/mtb_shared/usbdev/cy_usb_dev_cdc.o
                0x10012558                Cy_USB_Dev_CDC_IsDataReady
 .text.Cy_USB_Dev_CDC_IsReady
                0x100125ac       0x54 ./libraries/IFX_PSOC6_HAL/mtb_shared/usbdev/cy_usb_dev_cdc.o
                0x100125ac                Cy_USB_Dev_CDC_IsReady
 .text.Cy_USB_Dev_CDC_GetAll
                0x10012600       0x7c ./libraries/IFX_PSOC6_HAL/mtb_shared/usbdev/cy_usb_dev_cdc.o
                0x10012600                Cy_USB_Dev_CDC_GetAll
 *fill*         0x1001267c        0x4 
 .text          0x10012680       0x20 ./libraries/IFX_PSOC6_HAL/mtb-pdl-cat1/drivers/source/TOOLCHAIN_GCC_ARM/cy_syslib_ext.o
                0x10012680                Cy_SysLib_DelayCycles
                0x10012692                Cy_SysLib_EnterCriticalSection
                0x1001269a                Cy_SysLib_ExitCriticalSection
 .text.CY_HALT  0x100126a0       0x10 ./libraries/IFX_PSOC6_HAL/mtb-pdl-cat1/drivers/source/cy_dma.o
 .text.Cy_DMA_Channel_SetDescriptor
                0x100126b0       0xcc ./libraries/IFX_PSOC6_HAL/mtb-pdl-cat1/drivers/source/cy_dma.o
 .text.Cy_DMA_Descriptor_Init
                0x1001277c      0x3b8 ./libraries/IFX_PSOC6_HAL/mtb-pdl-cat1/drivers/source/cy_dma.o
                0x1001277c                Cy_DMA_Descriptor_Init
 .text.Cy_DMA_Channel_Init
                0x10012b34      0x114 ./libraries/IFX_PSOC6_HAL/mtb-pdl-cat1/drivers/source/cy_dma.o
                0x10012b34                Cy_DMA_Channel_Init
 .text.Cy_DMA_Descriptor_SetNextDescriptor
                0x10012c48       0x5c ./libraries/IFX_PSOC6_HAL/mtb-pdl-cat1/drivers/source/cy_dma.o
                0x10012c48                Cy_DMA_Descriptor_SetNextDescriptor
 .text.CY_HALT  0x10012ca4       0x10 ./libraries/IFX_PSOC6_HAL/mtb-pdl-cat1/drivers/source/cy_gpio.o
 .text.Cy_GPIO_Pin_Init
                0x10012cb4      0x2a0 ./libraries/IFX_PSOC6_HAL/mtb-pdl-cat1/drivers/source/cy_gpio.o
                0x10012cb4                Cy_GPIO_Pin_Init
 .text.Cy_GPIO_Pin_FastInit
                0x10012f54       0xcc ./libraries/IFX_PSOC6_HAL/mtb-pdl-cat1/drivers/source/cy_gpio.o
                0x10012f54                Cy_GPIO_Pin_FastInit
 .text.Cy_GPIO_Port_Deinit
                0x10013020       0xb0 ./libraries/IFX_PSOC6_HAL/mtb-pdl-cat1/drivers/source/cy_gpio.o
                0x10013020                Cy_GPIO_Port_Deinit
 .text.Cy_GPIO_SetHSIOM
                0x100130d0       0xb4 ./libraries/IFX_PSOC6_HAL/mtb-pdl-cat1/drivers/source/cy_gpio.o
                0x100130d0                Cy_GPIO_SetHSIOM
 .text.Cy_GPIO_GetHSIOM
                0x10013184       0x7c ./libraries/IFX_PSOC6_HAL/mtb-pdl-cat1/drivers/source/cy_gpio.o
                0x10013184                Cy_GPIO_GetHSIOM
 .text.Cy_GPIO_Read
                0x10013200       0x30 ./libraries/IFX_PSOC6_HAL/mtb-pdl-cat1/drivers/source/cy_gpio.o
                0x10013200                Cy_GPIO_Read
 .text.Cy_GPIO_Write
                0x10013230       0x48 ./libraries/IFX_PSOC6_HAL/mtb-pdl-cat1/drivers/source/cy_gpio.o
                0x10013230                Cy_GPIO_Write
 .text.Cy_GPIO_Set
                0x10013278       0x2c ./libraries/IFX_PSOC6_HAL/mtb-pdl-cat1/drivers/source/cy_gpio.o
                0x10013278                Cy_GPIO_Set
 .text.Cy_GPIO_SetDrivemode
                0x100132a4       0x84 ./libraries/IFX_PSOC6_HAL/mtb-pdl-cat1/drivers/source/cy_gpio.o
                0x100132a4                Cy_GPIO_SetDrivemode
 .text.Cy_GPIO_SetVtrip
                0x10013328       0x70 ./libraries/IFX_PSOC6_HAL/mtb-pdl-cat1/drivers/source/cy_gpio.o
                0x10013328                Cy_GPIO_SetVtrip
 .text.Cy_GPIO_ClearInterrupt
                0x10013398       0x34 ./libraries/IFX_PSOC6_HAL/mtb-pdl-cat1/drivers/source/cy_gpio.o
                0x10013398                Cy_GPIO_ClearInterrupt
 .text.Cy_GPIO_SetInterruptMask
                0x100133cc       0x50 ./libraries/IFX_PSOC6_HAL/mtb-pdl-cat1/drivers/source/cy_gpio.o
                0x100133cc                Cy_GPIO_SetInterruptMask
 .text.Cy_GPIO_GetInterruptStatusMasked
                0x1001341c       0x30 ./libraries/IFX_PSOC6_HAL/mtb-pdl-cat1/drivers/source/cy_gpio.o
                0x1001341c                Cy_GPIO_GetInterruptStatusMasked
 .text.Cy_GPIO_SetInterruptEdge
                0x1001344c       0x88 ./libraries/IFX_PSOC6_HAL/mtb-pdl-cat1/drivers/source/cy_gpio.o
                0x1001344c                Cy_GPIO_SetInterruptEdge
 .text.Cy_GPIO_GetInterruptEdge
                0x100134d4       0x40 ./libraries/IFX_PSOC6_HAL/mtb-pdl-cat1/drivers/source/cy_gpio.o
                0x100134d4                Cy_GPIO_GetInterruptEdge
 .text.CY_HALT  0x10013514       0x10 ./libraries/IFX_PSOC6_HAL/mtb-pdl-cat1/drivers/source/cy_ipc_drv.o
 .text.Cy_IPC_Drv_AcquireNotify
                0x10013524       0x28 ./libraries/IFX_PSOC6_HAL/mtb-pdl-cat1/drivers/source/cy_ipc_drv.o
 .text.Cy_IPC_Drv_ReleaseNotify
                0x1001354c       0x28 ./libraries/IFX_PSOC6_HAL/mtb-pdl-cat1/drivers/source/cy_ipc_drv.o
 .text.Cy_IPC_Drv_WriteDataValue
                0x10013574       0x1c ./libraries/IFX_PSOC6_HAL/mtb-pdl-cat1/drivers/source/cy_ipc_drv.o
 .text.Cy_IPC_Drv_ReadDataValue
                0x10013590       0x18 ./libraries/IFX_PSOC6_HAL/mtb-pdl-cat1/drivers/source/cy_ipc_drv.o
 .text.Cy_IPC_Drv_IsLockAcquired
                0x100135a8       0x30 ./libraries/IFX_PSOC6_HAL/mtb-pdl-cat1/drivers/source/cy_ipc_drv.o
 .text.Cy_IPC_Drv_LockAcquire
                0x100135d8       0x2c ./libraries/IFX_PSOC6_HAL/mtb-pdl-cat1/drivers/source/cy_ipc_drv.o
 .text.Cy_IPC_Drv_LockRelease
                0x10013604       0x38 ./libraries/IFX_PSOC6_HAL/mtb-pdl-cat1/drivers/source/cy_ipc_drv.o
                0x10013604                Cy_IPC_Drv_LockRelease
 .text.Cy_IPC_Drv_SendMsgWord
                0x1001363c       0x40 ./libraries/IFX_PSOC6_HAL/mtb-pdl-cat1/drivers/source/cy_ipc_drv.o
                0x1001363c                Cy_IPC_Drv_SendMsgWord
 .text.Cy_IPC_Drv_ReadMsgWord
                0x1001367c       0x44 ./libraries/IFX_PSOC6_HAL/mtb-pdl-cat1/drivers/source/cy_ipc_drv.o
                0x1001367c                Cy_IPC_Drv_ReadMsgWord
 .text.__NVIC_EnableIRQ
                0x100136c0       0x3c ./libraries/IFX_PSOC6_HAL/mtb-pdl-cat1/drivers/source/cy_ipc_pipe.o
 .text.CY_HALT  0x100136fc       0x10 ./libraries/IFX_PSOC6_HAL/mtb-pdl-cat1/drivers/source/cy_ipc_pipe.o
 .text.Cy_IPC_Drv_GetIpcBaseAddress
                0x1001370c       0x40 ./libraries/IFX_PSOC6_HAL/mtb-pdl-cat1/drivers/source/cy_ipc_pipe.o
 .text.Cy_IPC_Drv_GetIntrBaseAddr
                0x1001374c       0x38 ./libraries/IFX_PSOC6_HAL/mtb-pdl-cat1/drivers/source/cy_ipc_pipe.o
 .text.Cy_IPC_Drv_SetInterruptMask
                0x10013784       0x40 ./libraries/IFX_PSOC6_HAL/mtb-pdl-cat1/drivers/source/cy_ipc_pipe.o
 .text.Cy_IPC_Drv_GetInterruptStatusMasked
                0x100137c4       0x18 ./libraries/IFX_PSOC6_HAL/mtb-pdl-cat1/drivers/source/cy_ipc_pipe.o
 .text.Cy_IPC_Drv_GetInterruptStatus
                0x100137dc       0x18 ./libraries/IFX_PSOC6_HAL/mtb-pdl-cat1/drivers/source/cy_ipc_pipe.o
 .text.Cy_IPC_Drv_ClearInterrupt
                0x100137f4       0x44 ./libraries/IFX_PSOC6_HAL/mtb-pdl-cat1/drivers/source/cy_ipc_pipe.o
 .text.Cy_IPC_Drv_IsLockAcquired
                0x10013838       0x30 ./libraries/IFX_PSOC6_HAL/mtb-pdl-cat1/drivers/source/cy_ipc_pipe.o